<html>
<body>
<pre>
<h1>礦ision Build Log</h1>
<h2>Tool Versions:</h2>
IDE-Version: μVision V5.43.1.0
Copyright (C) 2025 ARM Ltd and ARM Germany GmbH. All rights reserved.
License Information: 1 Zhaojin, 1, LIC=NQQMA-1Y1GT-63MMB-2EB62-XURXG-UH47A
 
Tool Versions:
Toolchain:       MDK-ARM Plus  Version: 5.43.0.0
Toolchain Path:  D:\Keilv5\ARM\ARMCC\Bin
C Compiler:      Armcc.exe V5.06 update 7 (build 960)
Assembler:       Armasm.exe V5.06 update 7 (build 960)
Linker/Locator:  ArmLink.exe V5.06 update 7 (build 960)
Library Manager: ArmAr.exe V5.06 update 7 (build 960)
Hex Converter:   FromElf.exe V5.06 update 7 (build 960)
CPU DLL:         SARMCM3.DLL V5.43.0.0
Dialog DLL:      DCM.DLL V1.17.5.0
Target DLL:      STLink\ST-LINKIII-KEIL_SWO.dll V3.3.1.0
Dialog DLL:      TCM.DLL V1.56.6.0
 
<h2>Project:</h2>
D:\新建文件夹\物联网\GPIO_Init (3)\GPIO_Init\project.uvprojx
Project File Date:  06/03/2026

<h2>Output:</h2>
*** Using Compiler 'V5.06 update 7 (build 960)', folder: 'D:\Keilv5\ARM\ARMCC\Bin'
Rebuild target 'project'
assembling startup_stm32f40_41xxx.s...
compiling stm32f4xx_dbgmcu.c...
compiling stm32f4xx_dac.c...
compiling stm32f4xx_cryp_tdes.c...
compiling stm32f4xx_cryp.c...
compiling stm32f4xx_crc.c...
compiling stm32f4xx_dcmi.c...
compiling stm32f4xx_cryp_des.c...
compiling stm32f4xx_can.c...
compiling stm32f4xx_cryp_aes.c...
compiling misc.c...
compiling stm32f4xx_adc.c...
compiling stm32f4xx_dma.c...
compiling stm32f4xx_flash.c...
compiling stm32f4xx_dma2d.c...
compiling stm32f4xx_hash_sha1.c...
compiling stm32f4xx_hash.c...
compiling stm32f4xx_iwdg.c...
compiling stm32f4xx_gpio.c...
compiling stm32f4xx_flash_ramfunc.c...
compiling stm32f4xx_i2c.c...
compiling stm32f4xx_hash_md5.c...
compiling stm32f4xx_exti.c...
compiling stm32f4xx_ltdc.c...
compiling stm32f4xx_wwdg.c...
compiling stm32f4xx_sai.c...
compiling stm32f4xx_usart.c...
compiling stm32f4xx_rtc.c...
compiling stm32f4xx_rcc.c...
compiling stm32f4xx_syscfg.c...
compiling stm32f4xx_spi.c...
compiling stm32f4xx_pwr.c...
compiling stm32f4xx_rng.c...
compiling stm32f4xx_sdio.c...
compiling stm32f4xx_tim.c...
compiling tx_block_allocate.c...
compiling tx_block_pool_cleanup.c...
compiling cJSON.c...
compiling tx_block_pool_create.c...
compiling tx_block_pool_delete.c...
compiling tx_block_pool_initialize.c...
compiling tx_block_pool_info_get.c...
compiling tx_block_pool_performance_info_get.c...
compiling wifi.c...
compiling stm32f4xx_it.c...
compiling tx_block_pool_prioritize.c...
compiling OLED.c...
compiling gpio.c...
HARDWARE\gpio.h(6): warning:  #1-D: last line of file ends without a newline
  #endif
HARDWARE\gpio.c(19): warning:  #1-D: last line of file ends without a newline
  }
HARDWARE\gpio.c: 2 warnings, 0 errors
compiling tx_block_pool_performance_system_info_get.c...
compiling system_stm32f4xx.c...
compiling Temp.c...
compiling tx_block_release.c...
compiling main.c...
.\HARDWARE\gpio.h(6): warning:  #1-D: last line of file ends without a newline
  #endif
USER\main.c: 1 warning, 0 errors
compiling delay.c...
compiling tx_byte_pool_info_get.c...
compiling tx_byte_pool_delete.c...
compiling tx_byte_pool_search.c...
compiling tx_byte_pool_performance_info_get.c...
compiling tx_byte_pool_prioritize.c...
compiling tx_byte_release.c...
compiling tx_byte_pool_initialize.c...
compiling tx_byte_pool_create.c...
compiling tx_byte_allocate.c...
compiling tx_byte_pool_performance_system_info_get.c...
compiling tx_byte_pool_cleanup.c...
compiling tx_event_flags_set.c...
compiling tx_initialize_high_level.c...
compiling tx_event_flags_delete.c...
compiling tx_event_flags_initialize.c...
compiling tx_event_flags_set_notify.c...
compiling tx_event_flags_get.c...
compiling tx_event_flags_info_get.c...
compiling tx_event_flags_performance_system_info_get.c...
compiling tx_event_flags_create.c...
compiling tx_event_flags_cleanup.c...
compiling tx_event_flags_performance_info_get.c...
compiling tx_initialize_kernel_setup.c...
compiling tx_mutex_performance_info_get.c...
compiling tx_mutex_get.c...
compiling tx_initialize_kernel_enter.c...
compiling tx_mutex_info_get.c...
compiling tx_mutex_create.c...
compiling tx_misra.c...
compiling tx_mutex_cleanup.c...
compiling tx_mutex_performance_system_info_get.c...
compiling tx_mutex_initialize.c...
compiling tx_mutex_delete.c...
compiling tx_queue_delete.c...
compiling tx_queue_cleanup.c...
compiling tx_queue_flush.c...
compiling tx_queue_performance_info_get.c...
compiling tx_queue_front_send.c...
compiling tx_queue_initialize.c...
compiling tx_mutex_prioritize.c...
compiling tx_queue_create.c...
compiling tx_mutex_put.c...
compiling tx_queue_info_get.c...
compiling tx_mutex_priority_change.c...
compiling tx_queue_send.c...
compiling tx_semaphore_create.c...
compiling tx_queue_send_notify.c...
compiling tx_semaphore_delete.c...
compiling tx_semaphore_get.c...
compiling tx_semaphore_info_get.c...
compiling tx_queue_prioritize.c...
compiling tx_queue_receive.c...
compiling tx_semaphore_cleanup.c...
compiling tx_semaphore_ceiling_put.c...
compiling tx_queue_performance_system_info_get.c...
compiling tx_semaphore_performance_info_get.c...
compiling tx_thread_delete.c...
compiling tx_semaphore_put_notify.c...
compiling tx_thread_entry_exit_notify.c...
compiling tx_semaphore_performance_system_info_get.c...
compiling tx_semaphore_initialize.c...
compiling tx_thread_create.c...
compiling tx_thread_info_get.c...
compiling tx_thread_identify.c...
compiling tx_semaphore_prioritize.c...
compiling tx_semaphore_put.c...
compiling tx_thread_initialize.c...
compiling tx_thread_stack_analyze.c...
compiling tx_thread_preemption_change.c...
compiling tx_thread_sleep.c...
compiling tx_thread_resume.c...
compiling tx_thread_performance_info_get.c...
compiling tx_thread_performance_system_info_get.c...
compiling tx_thread_shell_entry.c...
compiling tx_thread_relinquish.c...
compiling tx_thread_reset.c...
compiling tx_thread_priority_change.c...
compiling tx_thread_stack_error_notify.c...
compiling tx_thread_terminate.c...
compiling tx_thread_system_resume.c...
compiling tx_thread_system_suspend.c...
compiling tx_thread_time_slice_change.c...
compiling tx_thread_wait_abort.c...
compiling tx_thread_suspend.c...
compiling tx_thread_stack_error_handler.c...
compiling tx_thread_timeout.c...
compiling tx_thread_system_preempt_check.c...
compiling tx_thread_time_slice.c...
compiling tx_timer_activate.c...
compiling tx_timer_info_get.c...
compiling tx_time_set.c...
compiling tx_timer_delete.c...
compiling tx_timer_expiration_process.c...
compiling tx_timer_initialize.c...
compiling tx_timer_deactivate.c...
compiling tx_timer_create.c...
compiling tx_timer_performance_info_get.c...
compiling tx_time_get.c...
compiling tx_timer_change.c...
compiling tx_trace_event_filter.c...
compiling tx_timer_performance_system_info_get.c...
compiling tx_trace_event_unfilter.c...
compiling tx_trace_disable.c...
compiling tx_trace_buffer_full_notify.c...
compiling tx_trace_enable.c...
compiling tx_timer_thread_entry.c...
compiling tx_trace_interrupt_control.c...
compiling tx_timer_system_deactivate.c...
compiling tx_trace_initialize.c...
compiling tx_timer_system_activate.c...
compiling txe_block_allocate.c...
compiling txe_block_release.c...
compiling tx_trace_isr_exit_insert.c...
compiling txe_block_pool_delete.c...
compiling txe_block_pool_prioritize.c...
compiling txe_block_pool_info_get.c...
compiling txe_block_pool_create.c...
compiling tx_trace_object_unregister.c...
compiling tx_trace_object_register.c...
compiling tx_trace_user_event_insert.c...
compiling tx_trace_isr_enter_insert.c...
compiling txe_byte_pool_info_get.c...
compiling txe_byte_allocate.c...
compiling txe_byte_pool_delete.c...
compiling txe_event_flags_info_get.c...
compiling txe_event_flags_get.c...
compiling txe_event_flags_delete.c...
compiling txe_byte_release.c...
compiling txe_byte_pool_create.c...
compiling txe_event_flags_set.c...
compiling txe_event_flags_create.c...
compiling txe_byte_pool_prioritize.c...
compiling txe_mutex_create.c...
compiling txe_event_flags_set_notify.c...
compiling txe_queue_front_send.c...
compiling txe_queue_delete.c...
compiling txe_queue_flush.c...
compiling txe_mutex_put.c...
compiling txe_mutex_prioritize.c...
compiling txe_mutex_info_get.c...
compiling txe_mutex_delete.c...
compiling txe_queue_create.c...
compiling txe_mutex_get.c...
compiling txe_queue_send_notify.c...
compiling txe_queue_info_get.c...
compiling txe_semaphore_ceiling_put.c...
compiling txe_queue_prioritize.c...
compiling txe_semaphore_get.c...
compiling txe_semaphore_prioritize.c...
compiling txe_semaphore_info_get.c...
compiling txe_semaphore_create.c...
compiling txe_semaphore_delete.c...
compiling txe_queue_receive.c...
compiling txe_queue_send.c...
compiling txe_thread_info_get.c...
compiling txe_thread_reset.c...
compiling txe_thread_resume.c...
compiling txe_thread_entry_exit_notify.c...
compiling txe_thread_relinquish.c...
compiling txe_semaphore_put_notify.c...
compiling txe_thread_preemption_change.c...
compiling txe_thread_create.c...
compiling txe_semaphore_put.c...
compiling txe_thread_delete.c...
compiling txe_thread_priority_change.c...
compiling txe_thread_suspend.c...
compiling txe_thread_terminate.c...
compiling txe_thread_wait_abort.c...
compiling txe_timer_info_get.c...
compiling txe_timer_delete.c...
compiling txe_thread_time_slice_change.c...
compiling txe_timer_deactivate.c...
compiling txe_timer_activate.c...
compiling txe_timer_change.c...
compiling txe_timer_create.c...
assembling tx_thread_context_restore.s...
assembling tx_thread_interrupt_control.s...
assembling tx_thread_schedule.s...
assembling tx_thread_stack_build.s...
assembling tx_thread_context_save.s...
assembling tx_thread_system_return.s...
assembling tx_thread_interrupt_restore.s...
assembling tx_timer_interrupt.s...
assembling tx_thread_interrupt_disable.s...
linking...
Program Size: Code=42646 RO-data=6258 RW-data=476 ZI-data=23892  
FromELF: creating hex file...
".\Objects\project.axf" - 0 Error(s), 3 Warning(s).

<h2>Software Packages used:</h2>

Package Vendor: Keil
                http://www.keil.com/pack/Keil.STM32F4xx_DFP.2.15.0.pack
                Keil::STM32F4xx_DFP@2.15.0
                STMicroelectronics STM32F4 Series Device Support, Drivers and Examples

<h2>Collection of Component include folders:</h2>
  D:/Keilv5/Packs/Keil/STM32F4xx_DFP/2.15.0/Drivers/CMSIS/Device/ST/STM32F4xx/Include

<h2>Collection of Component Files used:</h2>
Build Time Elapsed:  00:00:18
</pre>
</body>
</html>
