Component: ARM Compiler 5.06 update 7 (build 960) Tool: armlink [4d3601]

==============================================================================

Section Cross References

    startup_stm32f40_41xxx.o(STACK) refers (Special) to heapauxi.o(.text) for __use_two_region_memory
    startup_stm32f40_41xxx.o(HEAP) refers (Special) to heapauxi.o(.text) for __use_two_region_memory
    startup_stm32f40_41xxx.o(RESET) refers (Special) to heapauxi.o(.text) for __use_two_region_memory
    startup_stm32f40_41xxx.o(RESET) refers to startup_stm32f40_41xxx.o(STACK) for __initial_sp
    startup_stm32f40_41xxx.o(RESET) refers to startup_stm32f40_41xxx.o(.text) for Reset_Handler
    startup_stm32f40_41xxx.o(RESET) refers to stm32f4xx_it.o(i.NMI_Handler) for NMI_Handler
    startup_stm32f40_41xxx.o(RESET) refers to stm32f4xx_it.o(i.HardFault_Handler) for HardFault_Handler
    startup_stm32f40_41xxx.o(RESET) refers to stm32f4xx_it.o(i.MemManage_Handler) for MemManage_Handler
    startup_stm32f40_41xxx.o(RESET) refers to stm32f4xx_it.o(i.BusFault_Handler) for BusFault_Handler
    startup_stm32f40_41xxx.o(RESET) refers to stm32f4xx_it.o(i.UsageFault_Handler) for UsageFault_Handler
    startup_stm32f40_41xxx.o(RESET) refers to stm32f4xx_it.o(i.SVC_Handler) for SVC_Handler
    startup_stm32f40_41xxx.o(RESET) refers to stm32f4xx_it.o(i.DebugMon_Handler) for DebugMon_Handler
    startup_stm32f40_41xxx.o(RESET) refers to tx_thread_schedule.o(.text) for PendSV_Handler
    startup_stm32f40_41xxx.o(RESET) refers to stm32f4xx_it.o(i.SysTick_Handler) for SysTick_Handler
    startup_stm32f40_41xxx.o(RESET) refers to stm32f4xx_it.o(i.USART3_IRQHandler) for USART3_IRQHandler
    startup_stm32f40_41xxx.o(.text) refers (Special) to heapauxi.o(.text) for __use_two_region_memory
    startup_stm32f40_41xxx.o(.text) refers to system_stm32f4xx.o(i.SystemInit) for SystemInit
    startup_stm32f40_41xxx.o(.text) refers to __main.o(!!!main) for __main
    startup_stm32f40_41xxx.o(.text) refers to startup_stm32f40_41xxx.o(HEAP) for Heap_Mem
    startup_stm32f40_41xxx.o(.text) refers to startup_stm32f40_41xxx.o(STACK) for Stack_Mem
    stm32f4xx_adc.o(i.ADC_DeInit) refers to stm32f4xx_rcc.o(i.RCC_APB2PeriphResetCmd) for RCC_APB2PeriphResetCmd
    stm32f4xx_can.o(i.CAN_DeInit) refers to stm32f4xx_rcc.o(i.RCC_APB1PeriphResetCmd) for RCC_APB1PeriphResetCmd
    stm32f4xx_can.o(i.CAN_GetITStatus) refers to stm32f4xx_can.o(i.CheckITStatus) for CheckITStatus
    stm32f4xx_cryp.o(i.CRYP_DeInit) refers to stm32f4xx_rcc.o(i.RCC_AHB2PeriphResetCmd) for RCC_AHB2PeriphResetCmd
    stm32f4xx_cryp_aes.o(i.CRYP_AES_CBC) refers to stm32f4xx_cryp.o(i.CRYP_KeyStructInit) for CRYP_KeyStructInit
    stm32f4xx_cryp_aes.o(i.CRYP_AES_CBC) refers to stm32f4xx_cryp.o(i.CRYP_FIFOFlush) for CRYP_FIFOFlush
    stm32f4xx_cryp_aes.o(i.CRYP_AES_CBC) refers to stm32f4xx_cryp.o(i.CRYP_Init) for CRYP_Init
    stm32f4xx_cryp_aes.o(i.CRYP_AES_CBC) refers to stm32f4xx_cryp.o(i.CRYP_KeyInit) for CRYP_KeyInit
    stm32f4xx_cryp_aes.o(i.CRYP_AES_CBC) refers to stm32f4xx_cryp.o(i.CRYP_Cmd) for CRYP_Cmd
    stm32f4xx_cryp_aes.o(i.CRYP_AES_CBC) refers to stm32f4xx_cryp.o(i.CRYP_GetFlagStatus) for CRYP_GetFlagStatus
    stm32f4xx_cryp_aes.o(i.CRYP_AES_CBC) refers to stm32f4xx_cryp.o(i.CRYP_IVInit) for CRYP_IVInit
    stm32f4xx_cryp_aes.o(i.CRYP_AES_CBC) refers to stm32f4xx_cryp.o(i.CRYP_GetCmdStatus) for CRYP_GetCmdStatus
    stm32f4xx_cryp_aes.o(i.CRYP_AES_CBC) refers to stm32f4xx_cryp.o(i.CRYP_DataIn) for CRYP_DataIn
    stm32f4xx_cryp_aes.o(i.CRYP_AES_CBC) refers to stm32f4xx_cryp.o(i.CRYP_DataOut) for CRYP_DataOut
    stm32f4xx_cryp_aes.o(i.CRYP_AES_CCM) refers to stm32f4xx_cryp.o(i.CRYP_KeyStructInit) for CRYP_KeyStructInit
    stm32f4xx_cryp_aes.o(i.CRYP_AES_CCM) refers to stm32f4xx_cryp.o(i.CRYP_FIFOFlush) for CRYP_FIFOFlush
    stm32f4xx_cryp_aes.o(i.CRYP_AES_CCM) refers to stm32f4xx_cryp.o(i.CRYP_KeyInit) for CRYP_KeyInit
    stm32f4xx_cryp_aes.o(i.CRYP_AES_CCM) refers to stm32f4xx_cryp.o(i.CRYP_IVInit) for CRYP_IVInit
    stm32f4xx_cryp_aes.o(i.CRYP_AES_CCM) refers to stm32f4xx_cryp.o(i.CRYP_Init) for CRYP_Init
    stm32f4xx_cryp_aes.o(i.CRYP_AES_CCM) refers to stm32f4xx_cryp.o(i.CRYP_PhaseConfig) for CRYP_PhaseConfig
    stm32f4xx_cryp_aes.o(i.CRYP_AES_CCM) refers to stm32f4xx_cryp.o(i.CRYP_DataIn) for CRYP_DataIn
    stm32f4xx_cryp_aes.o(i.CRYP_AES_CCM) refers to stm32f4xx_cryp.o(i.CRYP_Cmd) for CRYP_Cmd
    stm32f4xx_cryp_aes.o(i.CRYP_AES_CCM) refers to stm32f4xx_cryp.o(i.CRYP_GetCmdStatus) for CRYP_GetCmdStatus
    stm32f4xx_cryp_aes.o(i.CRYP_AES_CCM) refers to stm32f4xx_cryp.o(i.CRYP_GetFlagStatus) for CRYP_GetFlagStatus
    stm32f4xx_cryp_aes.o(i.CRYP_AES_CCM) refers to stm32f4xx_cryp.o(i.CRYP_DataOut) for CRYP_DataOut
    stm32f4xx_cryp_aes.o(i.CRYP_AES_CTR) refers to stm32f4xx_cryp.o(i.CRYP_KeyStructInit) for CRYP_KeyStructInit
    stm32f4xx_cryp_aes.o(i.CRYP_AES_CTR) refers to stm32f4xx_cryp.o(i.CRYP_KeyInit) for CRYP_KeyInit
[...]
    _printf_string                           0x080013bb   Thumb Code     8  _printf_char.o(.text)
    _scanf_really_real                       0x08001611   Thumb Code   684  scanf_fp.o(.text)
    __vfscanf_char                           0x080018c9   Thumb Code    24  scanf_char.o(.text)
    _sgetc                                   0x080018e9   Thumb Code    30  _sgetc.o(.text)
    _sbackspace                              0x08001907   Thumb Code    34  _sgetc.o(.text)
    _strtoul                                 0x08001929   Thumb Code   158  _strtoul.o(.text)
    __strtod_int                             0x08001a05   Thumb Code    90  strtod.o(.text)
    __aeabi_memmove4                         0x08001a6d   Thumb Code     0  rt_memmove_w.o(.text)
    __aeabi_memmove8                         0x08001a6d   Thumb Code     0  rt_memmove_w.o(.text)
    __rt_memmove_w                           0x08001a6d   Thumb Code   122  rt_memmove_w.o(.text)
    __memmove_aligned                        0x08001a93   Thumb Code     0  rt_memmove_w.o(.text)
    __memmove_lastfew_aligned                0x08001acb   Thumb Code     0  rt_memmove_w.o(.text)
    __aeabi_memclr                           0x08001ae7   Thumb Code     0  rt_memclr.o(.text)
    __rt_memclr                              0x08001ae7   Thumb Code    68  rt_memclr.o(.text)
    _memset                                  0x08001aeb   Thumb Code     0  rt_memclr.o(.text)
    __user_libspace                          0x08001b2d   Thumb Code     8  libspace.o(.text)
    __user_perproc_libspace                  0x08001b2d   Thumb Code     0  libspace.o(.text)
    __user_perthread_libspace                0x08001b2d   Thumb Code     0  libspace.o(.text)
    __rt_locale                              0x08001b35   Thumb Code     8  rt_locale_intlibspace.o(.text)
    __Heap_ProvideMemory                     0x08001b3d   Thumb Code    52  h1_extend.o(.text)
    _ll_udiv10                               0x08001b71   Thumb Code   138  lludiv10.o(.text)
    isspace                                  0x08001bfb   Thumb Code    18  isspace.o(.text)
    _printf_fp_infnan                        0x08001c0d   Thumb Code   112  _printf_fp_infnan.o(.text)
    _chval                                   0x08001c8d   Thumb Code    28  _chval.o(.text)
    __vfscanf                                0x08001ca9   Thumb Code   880  _scanf.o(.text)
    _btod_etento                             0x0800201d   Thumb Code   224  bigflt0.o(.text)
    __rt_SIGRTMEM                            0x08002101   Thumb Code    14  defsig_rtmem_outer.o(.text)
    __I$use$semihosting                      0x0800210f   Thumb Code     0  use_no_semi.o(.text)
    __use_no_semihosting_swi                 0x0800210f   Thumb Code     2  use_no_semi.o(.text)
    __semihosting_library_function           0x08002111   Thumb Code     0  indicate_semi.o(.text)
    __user_setup_stackheap                   0x08002111   Thumb Code    74  sys_stackheap_outer.o(.text)
    __read_errno                             0x0800215b   Thumb Code    10  _rserrno.o(.text)
    __set_errno                              0x08002165   Thumb Code    12  _rserrno.o(.text)
    _scanf_really_hex_real                   0x08002171   Thumb Code   786  scanf_hexfp.o(.text)
    _scanf_really_infnan                     0x08002491   Thumb Code   292  scanf_infnan.o(.text)
    exit                                     0x080025c5   Thumb Code    18  exit.o(.text)
    __sig_exit                               0x080025d7   Thumb Code    10  defsig_exit.o(.text)
    __rt_SIGRTMEM_inner                      0x080025e1   Thumb Code    22  defsig_rtmem_inner.o(.text)
    _sys_exit                                0x08002631   Thumb Code     8  sys_exit.o(.text)
    __aeabi_llsl                             0x0800263d   Thumb Code     0  llshl.o(.text)
    _ll_shift_l                              0x0800263d   Thumb Code    38  llshl.o(.text)
    __default_signal_display                 0x08002663   Thumb Code    50  defsig_general.o(.text)
    _ttywrch                                 0x08002695   Thumb Code    14  sys_wrch.o(.text)
    _btod_d2e                                0x080026a3   Thumb Code    62  btod.o(CL$$btod_d2e)
    _d2e_denorm_low                          0x080026e1   Thumb Code    70  btod.o(CL$$btod_d2e_denorm_low)
    _d2e_norm_op1                            0x08002727   Thumb Code    96  btod.o(CL$$btod_d2e_norm_op1)
    __btod_div_common                        0x08002787   Thumb Code   696  btod.o(CL$$btod_div_common)
    _e2d                                     0x08002ac1   Thumb Code   122  btod.o(CL$$btod_e2d)
    _e2e                                     0x08002b45   Thumb Code   220  btod.o(CL$$btod_e2e)
    _btod_ediv                               0x08002c21   Thumb Code    42  btod.o(CL$$btod_ediv)
    _btod_edivd                              0x08002c4b   Thumb Code    42  btod.o(CL$$btod_edivd)
    _btod_emul                               0x08002c75   Thumb Code    42  btod.o(CL$$btod_emul)
    _btod_emuld                              0x08002c9f   Thumb Code    42  btod.o(CL$$btod_emuld)
    __btod_mult_common                       0x08002cc9   Thumb Code   580  btod.o(CL$$btod_mult_common)
    BusFault_Handler                         0x08002f0d   Thumb Code     4  stm32f4xx_it.o(i.BusFault_Handler)
    DebugMon_Handler                         0x08002f11   Thumb Code     2  stm32f4xx_it.o(i.DebugMon_Handler)
    FLASH_ClearFlag                          0x08002f15   Thumb Code     6  stm32f4xx_flash.o(i.FLASH_ClearFlag)
    FLASH_EraseSector                        0x08002f21   Thumb Code   130  stm32f4xx_flash.o(i.FLASH_EraseSector)
    FLASH_GetStatus                          0x08002fa9   Thumb Code    80  stm32f4xx_flash.o(i.FLASH_GetStatus)
    FLASH_Lock                               0x08002ffd   Thumb Code    14  stm32f4xx_flash.o(i.FLASH_Lock)
    FLASH_ProgramWord                        0x08003011   Thumb Code    74  stm32f4xx_flash.o(i.FLASH_ProgramWord)
    FLASH_Unlock                             0x08003061   Thumb Code    24  stm32f4xx_flash.o(i.FLASH_Unlock)
    FLASH_WaitForLastOperation               0x08003085   Thumb Code    34  stm32f4xx_flash.o(i.FLASH_WaitForLastOperation)
    GPIO_Init                                0x080030a7   Thumb Code   144  stm32f4xx_gpio.o(i.GPIO_Init)
    GPIO_PinAFConfig                         0x08003137   Thumb Code    70  stm32f4xx_gpio.o(i.GPIO_PinAFConfig)
    GPIO_ReadInputDataBit                    0x0800317d   Thumb Code    18  stm32f4xx_gpio.o(i.GPIO_ReadInputDataBit)
    GPIO_ResetBits                           0x0800318f   Thumb Code     4  stm32f4xx_gpio.o(i.GPIO_ResetBits)
    GPIO_SetBits                             0x08003193   Thumb Code     4  stm32f4xx_gpio.o(i.GPIO_SetBits)
    GPIO_StructInit                          0x08003197   Thumb Code    18  stm32f4xx_gpio.o(i.GPIO_StructInit)
    GPIO_WriteBit                            0x080031a9   Thumb Code    10  stm32f4xx_gpio.o(i.GPIO_WriteBit)
    HardFault_Handler                        0x080031b3   Thumb Code     4  stm32f4xx_it.o(i.HardFault_Handler)
    MemManage_Handler                        0x080031b7   Thumb Code     4  stm32f4xx_it.o(i.MemManage_Handler)
    NMI_Handler                              0x080031bb   Thumb Code     2  stm32f4xx_it.o(i.NMI_Handler)
    NVIC_Init                                0x080031bd   Thumb Code   106  misc.o(i.NVIC_Init)
    OLED_Clear                               0x0800325d   Thumb Code    42  oled.o(i.OLED_Clear)
    OLED_I2C_Init                            0x0800329d   Thumb Code    92  oled.o(i.OLED_I2C_Init)
    OLED_I2C_SendByte                        0x080032fd   Thumb Code   156  oled.o(i.OLED_I2C_SendByte)
    OLED_I2C_Start                           0x0800339d   Thumb Code    92  oled.o(i.OLED_I2C_Start)
    OLED_I2C_Stop                            0x080033fd   Thumb Code    70  oled.o(i.OLED_I2C_Stop)
    OLED_Init                                0x08003449   Thumb Code   174  oled.o(i.OLED_Init)
    OLED_Pow                                 0x080034f7   Thumb Code    20  oled.o(i.OLED_Pow)
    OLED_SetCursor                           0x0800350b   Thumb Code    34  oled.o(i.OLED_SetCursor)
    OLED_ShowChar                            0x0800352d   Thumb Code   110  oled.o(i.OLED_ShowChar)
    OLED_ShowNum                             0x080035a1   Thumb Code    68  oled.o(i.OLED_ShowNum)
    OLED_ShowString                          0x080035e5   Thumb Code    40  oled.o(i.OLED_ShowString)
    OLED_WriteCommand                        0x0800360d   Thumb Code    32  oled.o(i.OLED_WriteCommand)
    OLED_WriteData                           0x0800362d   Thumb Code    32  oled.o(i.OLED_WriteData)
    PIN_Init                                 0x0800364d   Thumb Code   156  gpio.o(i.PIN_Init)
    RCC_AHB1PeriphClockCmd                   0x08003705   Thumb Code    26  stm32f4xx_rcc.o(i.RCC_AHB1PeriphClockCmd)
    RCC_APB1PeriphClockCmd                   0x08003725   Thumb Code    26  stm32f4xx_rcc.o(i.RCC_APB1PeriphClockCmd)
    RCC_APB1PeriphResetCmd                   0x08003745   Thumb Code    26  stm32f4xx_rcc.o(i.RCC_APB1PeriphResetCmd)
    RCC_APB2PeriphResetCmd                   0x08003765   Thumb Code    26  stm32f4xx_rcc.o(i.RCC_APB2PeriphResetCmd)
    RCC_GetClocksFreq                        0x08003785   Thumb Code   214  stm32f4xx_rcc.o(i.RCC_GetClocksFreq)
    SVC_Handler                              0x0800386d   Thumb Code     2  stm32f4xx_it.o(i.SVC_Handler)
    SysTick_Handler                          0x0800395d   Thumb Code     8  stm32f4xx_it.o(i.SysTick_Handler)
    SystemCoreClockUpdate                    0x08003965   Thumb Code   170  system_stm32f4xx.o(i.SystemCoreClockUpdate)
    SystemInit                               0x08003a25   Thumb Code    88  system_stm32f4xx.o(i.SystemInit)
    Temp_Init                                0x08003ae5   Thumb Code    24  temp.o(i.Temp_Init)
    Temp_Read                                0x08003b01   Thumb Code   218  temp.o(i.Temp_Read)
    USART3_IRQHandler                        0x08003cc9   Thumb Code     8  stm32f4xx_it.o(i.USART3_IRQHandler)
    USART_Cmd                                0x08003cd1   Thumb Code    24  stm32f4xx_usart.o(i.USART_Cmd)
    USART_DeInit                             0x08003ce9   Thumb Code   206  stm32f4xx_usart.o(i.USART_DeInit)
    USART_GetFlagStatus                      0x08003dd9   Thumb Code    26  stm32f4xx_usart.o(i.USART_GetFlagStatus)
    USART_GetITStatus                        0x08003df3   Thumb Code    84  stm32f4xx_usart.o(i.USART_GetITStatus)
    USART_ITConfig                           0x08003e47   Thumb Code    74  stm32f4xx_usart.o(i.USART_ITConfig)
    USART_Init                               0x08003e91   Thumb Code   204  stm32f4xx_usart.o(i.USART_Init)
    USART_ReceiveData                        0x08003f65   Thumb Code    10  stm32f4xx_usart.o(i.USART_ReceiveData)
    USART_SendData                           0x08003f6f   Thumb Code     8  stm32f4xx_usart.o(i.USART_SendData)
    USART_StructInit                         0x08003f77   Thumb Code    24  stm32f4xx_usart.o(i.USART_StructInit)
    UsageFault_Handler                       0x08003f8f   Thumb Code     4  stm32f4xx_it.o(i.UsageFault_Handler)
    Wifi_GetApSsid                           0x08003f95   Thumb Code     4  wifi.o(i.Wifi_GetApSsid)
    Wifi_GetStatus                           0x08003f9d   Thumb Code    38  wifi.o(i.Wifi_GetStatus)
    Wifi_Init                                0x08003fd9   Thumb Code   130  wifi.o(i.Wifi_Init)
    Wifi_IsSwitchOn                          0x080040b1   Thumb Code     6  wifi.o(i.Wifi_IsSwitchOn)
    Wifi_RequestClearConfig                  0x080040bd   Thumb Code     8  wifi.o(i.Wifi_RequestClearConfig)
    Wifi_RequestMqttConnect                  0x080040c9   Thumb Code     8  wifi.o(i.Wifi_RequestMqttConnect)
    Wifi_RequestPublishStart                 0x080040d5   Thumb Code     8  wifi.o(i.Wifi_RequestPublishStart)
    Wifi_RequestWifiConnect                  0x080040e1   Thumb Code    14  wifi.o(i.Wifi_RequestWifiConnect)
    Wifi_ThreadEntry                         0x080040f9   Thumb Code   272  wifi.o(i.Wifi_ThreadEntry)
    Wifi_USART3_IRQHandler                   0x08004231   Thumb Code    46  wifi.o(i.Wifi_USART3_IRQHandler)
    Wifi_UpdateSensor                        0x08004265   Thumb Code    14  wifi.o(i.Wifi_UpdateSensor)
    __ARM_fpclassify                         0x08004281   Thumb Code    48  fpclassify.o(i.__ARM_fpclassify)
    __hardfp___mathlib_tofloat               0x080042f9   Thumb Code   232  narrow.o(i.__hardfp___mathlib_tofloat)
    __hardfp_fabs                            0x080043f1   Thumb Code    20  fabs.o(i.__hardfp_fabs)
    __hardfp_ldexp                           0x08004409   Thumb Code   200  ldexp.o(i.__hardfp_ldexp)
    __hardfp_strtod                          0x080044d9   Thumb Code    30  strtod.o(i.__hardfp_strtod)
    __mathlib_dbl_overflow                   0x08004501   Thumb Code    24  dunder.o(i.__mathlib_dbl_overflow)
    __mathlib_dbl_underflow                  0x08004521   Thumb Code    24  dunder.o(i.__mathlib_dbl_underflow)
    __mathlib_narrow                         0x08004541   Thumb Code    18  narrow.o(i.__mathlib_narrow)
    __support_ldexp                          0x08004565   Thumb Code    20  ldexp.o(i.__support_ldexp)
    _is_digit                                0x08004579   Thumb Code    14  __printf_wp.o(i._is_digit)
    _tx_initialize_high_level                0x08004589   Thumb Code    62  tx_initialize_high_level.o(i._tx_initialize_high_level)
    _tx_initialize_kernel_enter              0x080045f9   Thumb Code    66  tx_initialize_kernel_enter.o(i._tx_initialize_kernel_enter)
    _tx_initialize_low_level                 0x08004649   Thumb Code    96  main.o(i._tx_initialize_low_level)
    _tx_thread_create                        0x080046b9   Thumb Code   304  tx_thread_create.o(i._tx_thread_create)
    _tx_thread_initialize                    0x08004809   Thumb Code    68  tx_thread_initialize.o(i._tx_thread_initialize)
    _tx_thread_shell_entry                   0x08004879   Thumb Code   128  tx_thread_shell_entry.o(i._tx_thread_shell_entry)
    _tx_thread_sleep                         0x08004905   Thumb Code   158  tx_thread_sleep.o(i._tx_thread_sleep)
    _tx_thread_system_preempt_check          0x080049b5   Thumb Code    26  tx_thread_system_preempt_check.o(i._tx_thread_system_preempt_check)
    _tx_thread_system_resume                 0x080049dd   Thumb Code   310  tx_thread_system_resume.o(i._tx_thread_system_resume)
    _tx_thread_system_suspend                0x08004b9d   Thumb Code   422  tx_thread_system_suspend.o(i._tx_thread_system_suspend)
    _tx_thread_time_slice                    0x08004d65   Thumb Code    94  tx_thread_time_slice.o(i._tx_thread_time_slice)
    _tx_thread_timeout                       0x08004ddd   Thumb Code    84  tx_thread_timeout.o(i._tx_thread_timeout)
    _tx_time_get                             0x08004e35   Thumb Code    36  tx_time_get.o(i._tx_time_get)
    _tx_timer_expiration_process             0x08004e5d   Thumb Code    46  tx_timer_expiration_process.o(i._tx_timer_expiration_process)
    _tx_timer_initialize                     0x08004e95   Thumb Code   140  tx_timer_initialize.o(i._tx_timer_initialize)
    _tx_timer_system_activate                0x08004f7d   Thumb Code    84  tx_timer_system_activate.o(i._tx_timer_system_activate)
    _tx_timer_system_deactivate              0x08004fdd   Thumb Code    46  tx_timer_system_deactivate.o(i._tx_timer_system_deactivate)
    _tx_timer_thread_entry                   0x0800500d   Thumb Code   308  tx_timer_thread_entry.o(i._tx_timer_thread_entry)
    _txe_thread_create                       0x08005161   Thumb Code   368  txe_thread_create.o(i._txe_thread_create)
    cJSON_AddBoolToObject                    0x080053e1   Thumb Code    48  cjson.o(i.cJSON_AddBoolToObject)
    cJSON_AddNullToObject                    0x08005415   Thumb Code    44  cjson.o(i.cJSON_AddNullToObject)
    cJSON_AddNumberToObject                  0x08005445   Thumb Code    72  cjson.o(i.cJSON_AddNumberToObject)
    cJSON_AddObjectToObject                  0x08005491   Thumb Code    44  cjson.o(i.cJSON_AddObjectToObject)
    cJSON_AddStringToObject                  0x080054c1   Thumb Code    48  cjson.o(i.cJSON_AddStringToObject)
    cJSON_CreateBool                         0x080054f5   Thumb Code    28  cjson.o(i.cJSON_CreateBool)
    cJSON_CreateNull                         0x08005515   Thumb Code    20  cjson.o(i.cJSON_CreateNull)
    cJSON_CreateNumber                       0x0800552d   Thumb Code   102  cjson.o(i.cJSON_CreateNumber)
    cJSON_CreateObject                       0x080055a9   Thumb Code    20  cjson.o(i.cJSON_CreateObject)
    cJSON_CreateString                       0x080055c1   Thumb Code    46  cjson.o(i.cJSON_CreateString)
    cJSON_Delete                             0x080055f5   Thumb Code    92  cjson.o(i.cJSON_Delete)
    cJSON_GetObjectItem                      0x08005655   Thumb Code    18  cjson.o(i.cJSON_GetObjectItem)
    cJSON_IsBool                             0x08005667   Thumb Code    24  cjson.o(i.cJSON_IsBool)
    cJSON_IsNumber                           0x0800567f   Thumb Code    22  cjson.o(i.cJSON_IsNumber)
    cJSON_IsObject                           0x08005695   Thumb Code    22  cjson.o(i.cJSON_IsObject)
    cJSON_IsString                           0x080056ab   Thumb Code    22  cjson.o(i.cJSON_IsString)
    cJSON_IsTrue                             0x080056c1   Thumb Code    22  cjson.o(i.cJSON_IsTrue)
    cJSON_Parse                              0x080056f1   Thumb Code    16  cjson.o(i.cJSON_Parse)
    cJSON_ParseWithLengthOpts                0x08005701   Thumb Code   204  cjson.o(i.cJSON_ParseWithLengthOpts)
    cJSON_ParseWithOpts                      0x080057d5   Thumb Code    40  cjson.o(i.cJSON_ParseWithOpts)
    cJSON_PrintUnformatted                   0x080057fd   Thumb Code    16  cjson.o(i.cJSON_PrintUnformatted)
    cJSON_ReplaceItemInObject                0x08005811   Thumb Code    22  cjson.o(i.cJSON_ReplaceItemInObject)
    cJSON_ReplaceItemViaPointer              0x08005827   Thumb Code   100  cjson.o(i.cJSON_ReplaceItemViaPointer)
    cJSON_free                               0x0800588d   Thumb Code    16  cjson.o(i.cJSON_free)
    frexp                                    0x08005aa9   Thumb Code   118  frexp.o(i.frexp)
    main                                     0x08005c99   Thumb Code    80  main.o(i.main)
    tx_application_define                    0x08006e25   Thumb Code   162  main.o(i.tx_application_define)
    _get_lc_ctype                            0x08009ef1   Thumb Code    44  lc_ctype_c.o(locale$$code)
    _get_lc_numeric                          0x08009f1d   Thumb Code    44  lc_numeric_c.o(locale$$code)
    __aeabi_d2f                              0x08009f49   Thumb Code     0  d2f.o(x$fpl$d2f)
    _d2f                                     0x08009f49   Thumb Code    98  d2f.o(x$fpl$d2f)
    __aeabi_dadd                             0x08009fad   Thumb Code     0  daddsub_clz.o(x$fpl$dadd)
    _dadd                                    0x08009fad   Thumb Code   332  daddsub_clz.o(x$fpl$dadd)
    __fpl_dcheck_NaN1                        0x0800a0fd   Thumb Code    10  dcheck1.o(x$fpl$dcheck1)
    __fpl_dcmp_Inf                           0x0800a10d   Thumb Code    24  dcmpi.o(x$fpl$dcmpinf)
    __aeabi_cdcmpeq                          0x0800a125   Thumb Code     0  deqf.o(x$fpl$deqf)
    _dcmpeq                                  0x0800a125   Thumb Code   120  deqf.o(x$fpl$deqf)
    __aeabi_d2iz                             0x0800a19d   Thumb Code     0  dfix.o(x$fpl$dfix)
    _dfix                                    0x0800a19d   Thumb Code    94  dfix.o(x$fpl$dfix)
    __aeabi_i2d                              0x0800a1fb   Thumb Code     0  dflt_clz.o(x$fpl$dflt)
    _dflt                                    0x0800a1fb   Thumb Code    46  dflt_clz.o(x$fpl$dflt)
    __aeabi_ui2d                             0x0800a229   Thumb Code     0  dflt_clz.o(x$fpl$dfltu)
    _dfltu                                   0x0800a229   Thumb Code    38  dflt_clz.o(x$fpl$dfltu)
    __aeabi_cdcmple                          0x0800a251   Thumb Code     0  dleqf.o(x$fpl$dleqf)
    _dcmple                                  0x0800a251   Thumb Code   120  dleqf.o(x$fpl$dleqf)
    __fpl_dcmple_InfNaN                      0x0800a2b3   Thumb Code     0  dleqf.o(x$fpl$dleqf)
    __aeabi_dmul                             0x0800a2c9   Thumb Code     0  dmul.o(x$fpl$dmul)
    _dmul                                    0x0800a2c9   Thumb Code   332  dmul.o(x$fpl$dmul)
    __fpl_dnaninf                            0x0800a41d   Thumb Code   156  dnaninf.o(x$fpl$dnaninf)
    __fpl_dretinf                            0x0800a4b9   Thumb Code    12  dretinf.o(x$fpl$dretinf)
    __aeabi_cdrcmple                         0x0800a4c5   Thumb Code     0  drleqf.o(x$fpl$drleqf)
    _drcmple                                 0x0800a4c5   Thumb Code   108  drleqf.o(x$fpl$drleqf)
    __aeabi_dsub                             0x0800a531   Thumb Code     0  daddsub_clz.o(x$fpl$dsub)
    _dsub                                    0x0800a531   Thumb Code   464  daddsub_clz.o(x$fpl$dsub)
    _fp_init                                 0x0800a705   Thumb Code    10  fpinit.o(x$fpl$fpinit)
    __fplib_config_fpu_vfp                   0x0800a70d   Thumb Code     0  fpinit.o(x$fpl$fpinit)
    __fplib_config_pureend_doubles           0x0800a70d   Thumb Code     0  fpinit.o(x$fpl$fpinit)
    __fpl_fretinf                            0x0800a70f   Thumb Code    10  fretinf.o(x$fpl$fretinf)
    __ieee_status                            0x0800a719   Thumb Code     6  istatus.o(x$fpl$ieeestatus)
    _printf_fp_dec                           0x0800a71f   Thumb Code     4  printf1.o(x$fpl$printf1)
    __fpl_return_NaN                         0x0800a723   Thumb Code   100  retnan.o(x$fpl$retnan)
    __ARM_scalbn                             0x0800a787   Thumb Code    92  scalbn.o(x$fpl$scalbn)
    _scanf_real                              0x0800a7e3   Thumb Code     4  scanf1.o(x$fpl$scanf1)
    _scanf_hex_real                          0x0800a7e7   Thumb Code     4  scanf2.o(x$fpl$scanf2)
    _scanf_infnan                            0x0800a7eb   Thumb Code     4  scanf2.o(x$fpl$scanf2)
    __fpl_cmpreturn                          0x0800a7ef   Thumb Code    48  trapv.o(x$fpl$trapveneer)
    OLED_F8x16                               0x0800a81e   Data        1520  oled.o(.constdata)
    __I$use$fp                               0x0800a81e   Number         0  usenofp.o(x$fpl$usenofp)
    Region$$Table$$Base                      0x0800bdac   Number         0  anon$$obj.o(Region$$Table)
    Region$$Table$$Limit                     0x0800bdcc   Number         0  anon$$obj.o(Region$$Table)
    __aeabi_HUGE_VAL                         0x0800bdcc   Data           0  fpconst.o(c$$dinf)
    __aeabi_HUGE_VALL                        0x0800bdcc   Data           0  fpconst.o(c$$dinf)
    __aeabi_INFINITY                         0x0800bdcc   Data           0  fpconst.o(c$$dinf)
    __dInf                                   0x0800bdcc   Data           0  fpconst.o(c$$dinf)
    __huge_val                               0x0800bdcc   Data           0  fpconst.o(c$$dinf)
    __dbl_max                                0x0800bdd4   Data           0  fpconst.o(c$$dmax)
    __ctype                                  0x0800bde9   Data           0  lc_ctype_c.o(locale$$data)
    SystemCoreClock                          0x200000b4   Data           4  system_stm32f4xx.o(.data)
    AHBPrescTable                            0x200000b8   Data          16  system_stm32f4xx.o(.data)
    _tx_semaphore_created_ptr                0x200000c8   Data           4  tx_initialize_high_level.o(.data)
    _tx_semaphore_created_count              0x200000cc   Data           4  tx_initialize_high_level.o(.data)
    _tx_queue_created_ptr                    0x200000d0   Data           4  tx_initialize_high_level.o(.data)
    _tx_queue_created_count                  0x200000d4   Data           4  tx_initialize_high_level.o(.data)
    _tx_event_flags_created_ptr              0x200000d8   Data           4  tx_initialize_high_level.o(.data)
    _tx_event_flags_created_count            0x200000dc   Data           4  tx_initialize_high_level.o(.data)
    _tx_mutex_created_ptr                    0x200000e0   Data           4  tx_initialize_high_level.o(.data)
    _tx_mutex_created_count                  0x200000e4   Data           4  tx_initialize_high_level.o(.data)
    _tx_block_pool_created_ptr               0x200000e8   Data           4  tx_initialize_high_level.o(.data)
    _tx_block_pool_created_count             0x200000ec   Data           4  tx_initialize_high_level.o(.data)
    _tx_byte_pool_created_ptr                0x200000f0   Data           4  tx_initialize_high_level.o(.data)
    _tx_byte_pool_created_count              0x200000f4   Data           4  tx_initialize_high_level.o(.data)
    _tx_initialize_unused_memory             0x200000f8   Data           4  tx_initialize_high_level.o(.data)
    _tx_version_id                           0x200000fc   Data         121  tx_thread_initialize.o(.data)
    _tx_thread_system_stack_ptr              0x20000178   Data           4  tx_thread_initialize.o(.data)
    _tx_thread_current_ptr                   0x2000017c   Data           4  tx_thread_initialize.o(.data)
    _tx_thread_execute_ptr                   0x20000180   Data           4  tx_thread_initialize.o(.data)
    _tx_thread_created_ptr                   0x20000184   Data           4  tx_thread_initialize.o(.data)
    _tx_thread_created_count                 0x20000188   Data           4  tx_thread_initialize.o(.data)
    _tx_thread_system_state                  0x2000018c   Data           4  tx_thread_initialize.o(.data)
    _tx_thread_priority_maps                 0x20000190   Data           4  tx_thread_initialize.o(.data)
    _tx_thread_preempted_maps                0x20000194   Data           4  tx_thread_initialize.o(.data)
    _tx_thread_highest_priority              0x20000198   Data           4  tx_thread_initialize.o(.data)
    _tx_thread_preempt_disable               0x2000019c   Data           4  tx_thread_initialize.o(.data)
    _tx_thread_mutex_release                 0x200001a0   Data           4  tx_thread_initialize.o(.data)
    _tx_build_options                        0x200001a4   Data           4  tx_thread_initialize.o(.data)
    _tx_timer_system_clock                   0x200001a8   Data           4  tx_timer_initialize.o(.data)
    _tx_timer_expired_time_slice             0x200001ac   Data           4  tx_timer_initialize.o(.data)
    _tx_timer_list_start                     0x200001b0   Data           4  tx_timer_initialize.o(.data)
    _tx_timer_list_end                       0x200001b4   Data           4  tx_timer_initialize.o(.data)
    _tx_timer_current_ptr                    0x200001b8   Data           4  tx_timer_initialize.o(.data)
    _tx_timer_expired                        0x200001bc   Data           4  tx_timer_initialize.o(.data)
    _tx_timer_created_ptr                    0x200001c0   Data           4  tx_timer_initialize.o(.data)
    _tx_timer_created_count                  0x200001c4   Data           4  tx_timer_initialize.o(.data)
    _tx_timer_expired_timer_ptr              0x200001c8   Data           4  tx_timer_initialize.o(.data)
    _tx_timer_stack_start                    0x200001cc   Data           4  tx_timer_initialize.o(.data)
    _tx_timer_stack_size                     0x200001d0   Data           4  tx_timer_initialize.o(.data)
    _tx_timer_priority                       0x200001d4   Data           4  tx_timer_initialize.o(.data)
    _tx_timer_time_slice                     0x200001d8   Data           4  tx_timer_initialize.o(.data)
    _tx_thread_priority_list                 0x2000351c   Data         128  tx_thread_initialize.o(.bss)
    _tx_timer_list                           0x2000359c   Data         128  tx_timer_initialize.o(.bss)
    _tx_timer_thread                         0x2000361c   Data         180  tx_timer_initialize.o(.bss)
    _tx_timer_thread_stack_area              0x200036d0   Data        1024  tx_timer_initialize.o(.bss)
    __libspace_start                         0x20003ad0   Data          96  libspace.o(.bss)
    __temporary_stack_top$libspace           0x20003b30   Data           0  libspace.o(.bss)
    Image$$RW_IRAM1$$ZI$$Limit               0x20005f30   Number         0  anon$$obj.o ABSOLUTE



==============================================================================

Memory Map of the image

  Image Entry point : 0x08000189

  Load Region LR_IROM1 (Base: 0x08000000, Size: 0x0000c0e4, Max: 0x00100000, ABSOLUTE, COMPRESSED[0x0000bfd8])

    Execution Region ER_IROM1 (Exec base: 0x08000000, Load base: 0x08000000, Size: 0x0000bf08, Max: 0x00100000, ABSOLUTE)

    Exec Addr    Load Addr    Size         Type   Attr      Idx    E Section Name        Object

    0x08000000   0x08000000   0x00000188   Data   RO            3    RESET               startup_stm32f40_41xxx.o
    0x08000188   0x08000188   0x00000008   Code   RO        10172  * !!!main             c_w.l(__main.o)
    0x08000190   0x08000190   0x00000034   Code   RO        10593    !!!scatter          c_w.l(__scatter.o)
    0x080001c4   0x080001c4   0x0000005a   Code   RO        10591    !!dczerorl2         c_w.l(__dczerorl2.o)
    0x0800021e   0x0800021e   0x00000002   PAD
    0x08000220   0x08000220   0x0000001c   Code   RO        10595    !!handler_zi        c_w.l(__scatter_zi.o)
    0x0800023c   0x0800023c   0x00000000   Code   RO        10139    .ARM.Collect$$_printf_percent$$00000000  c_w.l(_printf_percent.o)
    0x0800023c   0x0800023c   0x00000006   Code   RO        10138    .ARM.Collect$$_printf_percent$$00000005  c_w.l(_printf_g.o)
    0x08000242   0x08000242   0x00000006   Code   RO        10136    .ARM.Collect$$_printf_percent$$00000009  c_w.l(_printf_d.o)
    0x08000248   0x08000248   0x00000006   Code   RO        10137    .ARM.Collect$$_printf_percent$$0000000A  c_w.l(_printf_u.o)
    0x0800024e   0x0800024e   0x00000006   Code   RO        10134    .ARM.Collect$$_printf_percent$$0000000C  c_w.l(_printf_x.o)
    0x08000254   0x08000254   0x00000006   Code   RO        10133    .ARM.Collect$$_printf_percent$$00000014  c_w.l(_printf_s.o)
    0x0800025a   0x0800025a   0x00000004   Code   RO        10263    .ARM.Collect$$_printf_percent$$00000017  c_w.l(_printf_percent_end.o)
    0x0800025e   0x0800025e   0x00000002   Code   RO        10473    .ARM.Collect$$libinit$$00000000  c_w.l(libinit.o)
    0x08000260   0x08000260   0x00000004   Code   RO        10280    .ARM.Collect$$libinit$$00000001  c_w.l(libinit2.o)
    0x08000264   0x08000264   0x00000000   Code   RO        10283    .ARM.Collect$$libinit$$00000004  c_w.l(libinit2.o)
    0x08000264   0x08000264   0x00000008   Code   RO        10284    .ARM.Collect$$libinit$$00000005  c_w.l(libinit2.o)
    0x0800026c   0x0800026c   0x00000000   Code   RO        10286    .ARM.Collect$$libinit$$0000000A  c_w.l(libinit2.o)
    0x0800026c   0x0800026c   0x00000000   Code   RO        10288    .ARM.Collect$$libinit$$0000000C  c_w.l(libinit2.o)
    0x0800026c   0x0800026c   0x00000000   Code   RO        10290    .ARM.Collect$$libinit$$0000000E  c_w.l(libinit2.o)
    0x0800026c   0x0800026c   0x00000006   Code   RO        10291    .ARM.Collect$$libinit$$0000000F  c_w.l(libinit2.o)
    0x08000272   0x08000272   0x00000000   Code   RO        10293    .ARM.Collect$$libinit$$00000011  c_w.l(libinit2.o)
    0x08000272   0x08000272   0x0000000c   Code   RO        10294    .ARM.Collect$$libinit$$00000012  c_w.l(libinit2.o)
    0x0800027e   0x0800027e   0x00000000   Code   RO        10295    .ARM.Collect$$libinit$$00000013  c_w.l(libinit2.o)
    0x0800027e   0x0800027e   0x00000000   Code   RO        10297    .ARM.Collect$$libinit$$00000015  c_w.l(libinit2.o)
    0x0800027e   0x0800027e   0x0000000a   Code   RO        10298    .ARM.Collect$$libinit$$00000016  c_w.l(libinit2.o)
    0x08000288   0x08000288   0x00000000   Code   RO        10299    .ARM.Collect$$libinit$$00000017  c_w.l(libinit2.o)
    0x08000288   0x08000288   0x00000000   Code   RO        10301    .ARM.Collect$$libinit$$00000019  c_w.l(libinit2.o)
    0x08000288   0x08000288   0x00000000   Code   RO        10303    .ARM.Collect$$libinit$$0000001B  c_w.l(libinit2.o)
    0x08000288   0x08000288   0x00000000   Code   RO        10305    .ARM.Collect$$libinit$$0000001D  c_w.l(libinit2.o)
    0x08000288   0x08000288   0x00000000   Code   RO        10307    .ARM.Collect$$libinit$$0000001F  c_w.l(libinit2.o)
    0x08000288   0x08000288   0x00000000   Code   RO        10309    .ARM.Collect$$libinit$$00000021  c_w.l(libinit2.o)
    0x08000288   0x08000288   0x00000000   Code   RO        10311    .ARM.Collect$$libinit$$00000023  c_w.l(libinit2.o)
    0x08000288   0x08000288   0x00000000   Code   RO        10313    .ARM.Collect$$libinit$$00000025  c_w.l(libinit2.o)
    0x08000288   0x08000288   0x00000000   Code   RO        10317    .ARM.Collect$$libinit$$0000002C  c_w.l(libinit2.o)
    0x08000288   0x08000288   0x00000000   Code   RO        10319    .ARM.Collect$$libinit$$0000002E  c_w.l(libinit2.o)
    0x08000288   0x08000288   0x00000000   Code   RO        10321    .ARM.Collect$$libinit$$00000030  c_w.l(libinit2.o)
    0x08000288   0x08000288   0x00000000   Code   RO        10323    .ARM.Collect$$libinit$$00000032  c_w.l(libinit2.o)
    0x08000288   0x08000288   0x00000002   Code   RO        10324    .ARM.Collect$$libinit$$00000033  c_w.l(libinit2.o)
    0x0800028a   0x0800028a   0x00000002   Code   RO        10578    .ARM.Collect$$libshutdown$$00000000  c_w.l(libshutdown.o)
    0x0800028c   0x0800028c   0x00000000   Code   RO        10497    .ARM.Collect$$libshutdown$$00000002  c_w.l(libshutdown2.o)
    0x0800028c   0x0800028c   0x00000000   Code   RO        10499    .ARM.Collect$$libshutdown$$00000004  c_w.l(libshutdown2.o)
    0x0800028c   0x0800028c   0x00000000   Code   RO        10501    .ARM.Collect$$libshutdown$$00000006  c_w.l(libshutdown2.o)
    0x0800028c   0x0800028c   0x00000000   Code   RO        10504    .ARM.Collect$$libshutdown$$00000009  c_w.l(libshutdown2.o)
    0x0800028c   0x0800028c   0x00000000   Code   RO        10507    .ARM.Collect$$libshutdown$$0000000C  c_w.l(libshutdown2.o)
    0x0800028c   0x0800028c   0x00000000   Code   RO        10509    .ARM.Collect$$libshutdown$$0000000E  c_w.l(libshutdown2.o)
    0x0800028c   0x0800028c   0x00000000   Code   RO        10512    .ARM.Collect$$libshutdown$$00000011  c_w.l(libshutdown2.o)
    0x0800028c   0x0800028c   0x00000002   Code   RO        10513    .ARM.Collect$$libshutdown$$00000012  c_w.l(libshutdown2.o)
    0x0800028e   0x0800028e   0x00000000   Code   RO        10218    .ARM.Collect$$rtentry$$00000000  c_w.l(__rtentry.o)
    0x0800028e   0x0800028e   0x00000000   Code   RO        10340    .ARM.Collect$$rtentry$$00000002  c_w.l(__rtentry2.o)
    0x0800028e   0x0800028e   0x00000006   Code   RO        10352    .ARM.Collect$$rtentry$$00000004  c_w.l(__rtentry4.o)
    0x08000294   0x08000294   0x00000000   Code   RO        10342    .ARM.Collect$$rtentry$$00000009  c_w.l(__rtentry2.o)
    0x08000294   0x08000294   0x00000004   Code   RO        10343    .ARM.Collect$$rtentry$$0000000A  c_w.l(__rtentry2.o)
    0x08000298   0x08000298   0x00000000   Code   RO        10345    .ARM.Collect$$rtentry$$0000000C  c_w.l(__rtentry2.o)
    0x08000298   0x08000298   0x00000008   Code   RO        10346    .ARM.Collect$$rtentry$$0000000D  c_w.l(__rtentry2.o)
    0x080002a0   0x080002a0   0x00000002   Code   RO        10484    .ARM.Collect$$rtexit$$00000000  c_w.l(rtexit.o)
    0x080002a2   0x080002a2   0x00000000   Code   RO        10535    .ARM.Collect$$rtexit$$00000002  c_w.l(rtexit2.o)
    0x080002a2   0x080002a2   0x00000004   Code   RO        10536    .ARM.Collect$$rtexit$$00000003  c_w.l(rtexit2.o)
    0x080002a6   0x080002a6   0x00000006   Code   RO        10537    .ARM.Collect$$rtexit$$00000004  c_w.l(rtexit2.o)
    0x080002ac   0x080002ac   0x00000000   Code   RO        10361    .emb_text           c_w.l(maybetermalloc1.o)
    0x080002ac   0x080002ac   0x00000040   Code   RO            4    .text               startup_stm32f40_41xxx.o
    0x080002ec   0x080002ec   0x000000c8   Code   RO         9992    .text               tx_thread_schedule.o
    0x080003b4   0x080003b4   0x00000040   Code   RO         9995    .text               tx_thread_stack_build.o
    0x080003f4   0x080003f4   0x000000b8   Code   RO        10001    .text               tx_timer_interrupt.o
    0x080004ac   0x080004ac   0x0000005e   Code   RO        10012    .text               c_w.l(h1_alloc.o)
    0x0800050a   0x0800050a   0x0000004e   Code   RO        10014    .text               c_w.l(h1_free.o)
    0x08000558   0x08000558   0x000000b8   Code   RO        10016    .text               c_w.l(h1_realloc.o)
    0x08000610   0x08000610   0x0000001a   Code   RO        10074    .text               c_w.l(tolower.o)
    0x0800062a   0x0800062a   0x00000002   PAD
    0x0800062c   0x0800062c   0x0000002c   Code   RO        10076    .text               c_w.l(__2sprintf.o)
    0x08000658   0x08000658   0x00000038   Code   RO        10078    .text               c_w.l(__2snprintf.o)
    0x08000690   0x08000690   0x0000004e   Code   RO        10086    .text               c_w.l(_printf_pad.o)
    0x080006de   0x080006de   0x00000052   Code   RO        10088    .text               c_w.l(_printf_str.o)
    0x08000730   0x08000730   0x00000078   Code   RO        10090    .text               c_w.l(_printf_dec.o)
    0x080007a8   0x080007a8   0x00000058   Code   RO        10095    .text               c_w.l(_printf_hex_int.o)
    0x08000800   0x08000800   0x00000138   Code   RO        10125    .text               c_w.l(__printf_flags_wp.o)
    0x08000938   0x08000938   0x0000003c   Code   RO        10140    .text               c_w.l(__0sscanf.o)
    0x08000974   0x08000974   0x0000001a   Code   RO        10142    .text               c_w.l(atoi.o)
    0x0800098e   0x0800098e   0x00000070   Code   RO        10144    .text               c_w.l(strtol.o)
    0x080009fe   0x080009fe   0x00000014   Code   RO        10146    .text               c_w.l(strchr.o)
    0x08000a12   0x08000a12   0x00000024   Code   RO        10148    .text               c_w.l(strstr.o)
    0x08000a36   0x08000a36   0x00000048   Code   RO        10150    .text               c_w.l(strcpy.o)
    0x08000a7e   0x08000a7e   0x00000016   Code   RO        10152    .text               c_w.l(strrchr.o)
    0x08000a94   0x08000a94   0x0000003e   Code   RO        10154    .text               c_w.l(strlen.o)
    0x08000ad2   0x08000ad2   0x00000096   Code   RO        10156    .text               c_w.l(strncmp.o)
    0x08000b68   0x08000b68   0x0000008a   Code   RO        10158    .text               c_w.l(rt_memcpy_v6.o)
    0x08000bf2   0x08000bf2   0x00000084   Code   RO        10160    .text               c_w.l(rt_memmove_v6.o)
    0x08000c76   0x08000c76   0x00000064   Code   RO        10162    .text               c_w.l(rt_memcpy_w.o)
    0x08000cda   0x08000cda   0x00000010   Code   RO        10164    .text               c_w.l(aeabi_memset.o)
    0x08000cea   0x08000cea   0x0000004e   Code   RO        10166    .text               c_w.l(rt_memclr_w.o)
    0x08000d38   0x08000d38   0x00000080   Code   RO        10168    .text               c_w.l(strcmpv7m.o)
    0x08000db8   0x08000db8   0x00000006   Code   RO        10170    .text               c_w.l(heapauxi.o)
    0x08000dbe   0x08000dbe   0x00000002   PAD
    0x08000dc0   0x08000dc0   0x00000010   Code   RO        10219    .text               c_w.l(rt_ctype_table.o)
    0x08000dd0   0x08000dd0   0x00000008   Code   RO        10224    .text               c_w.l(rt_heap_descriptor_intlibspace.o)
    0x08000dd8   0x08000dd8   0x00000008   Code   RO        10229    .text               c_w.l(rt_errno_addr_intlibspace.o)
    0x08000de0   0x08000de0   0x00000004   Code   RO        10231    .text               c_w.l(hguard.o)
    0x08000de4   0x08000de4   0x0000008a   Code   RO        10233    .text               c_w.l(init_alloc.o)
    0x08000e6e   0x08000e6e   0x0000000e   Code   RO        10237    .text               c_w.l(h1_init.o)
    0x08000e7c   0x08000e7c   0x000000b2   Code   RO        10251    .text               c_w.l(_printf_intcommon.o)
    0x08000f2e   0x08000f2e   0x0000041e   Code   RO        10253    .text               c_w.l(_printf_fp_dec.o)
    0x0800134c   0x0800134c   0x00000030   Code   RO        10255    .text               c_w.l(_printf_char_common.o)
    0x0800137c   0x0800137c   0x0000000a   Code   RO        10257    .text               c_w.l(_sputc.o)
    0x08001386   0x08001386   0x00000010   Code   RO        10259    .text               c_w.l(_snputc.o)
    0x08001396   0x08001396   0x0000002c   Code   RO        10261    .text               c_w.l(_printf_char.o)
    0x080013c2   0x080013c2   0x00000002   PAD
    0x080013c4   0x080013c4   0x000004f8   Code   RO        10264    .text               c_w.l(scanf_fp.o)
    0x080018bc   0x080018bc   0x0000002c   Code   RO        10266    .text               c_w.l(scanf_char.o)
    0x080018e8   0x080018e8   0x00000040   Code   RO        10268    .text               c_w.l(_sgetc.o)
    0x08001928   0x08001928   0x0000009e   Code   RO        10270    .text               c_w.l(_strtoul.o)
    0x080019c6   0x080019c6   0x00000002   PAD
    0x080019c8   0x080019c8   0x000000a4   Code   RO        10272    .text               c_w.l(strtod.o)
    0x08001a6c   0x08001a6c   0x0000007a   Code   RO        10274    .text               c_w.l(rt_memmove_w.o)
    0x08001ae6   0x08001ae6   0x00000044   Code   RO        10276    .text               c_w.l(rt_memclr.o)
    0x08001b2a   0x08001b2a   0x00000002   PAD
    0x08001b2c   0x08001b2c   0x00000008   Code   RO        10336    .text               c_w.l(libspace.o)
    0x08001b34   0x08001b34   0x00000008   Code   RO        10357    .text               c_w.l(rt_locale_intlibspace.o)
    0x08001b3c   0x08001b3c   0x00000034   Code   RO        10363    .text               c_w.l(h1_extend.o)
    0x08001b70   0x08001b70   0x0000008a   Code   RO        10367    .text               c_w.l(lludiv10.o)
    0x08001bfa   0x08001bfa   0x00000012   Code   RO        10369    .text               c_w.l(isspace.o)
    0x08001c0c   0x08001c0c   0x00000080   Code   RO        10371    .text               c_w.l(_printf_fp_infnan.o)
    0x08001c8c   0x08001c8c   0x0000001c   Code   RO        10375    .text               c_w.l(_chval.o)
    0x08001ca8   0x08001ca8   0x00000374   Code   RO        10377    .text               c_w.l(_scanf.o)
    0x0800201c   0x0800201c   0x000000e4   Code   RO        10379    .text               c_w.l(bigflt0.o)
    0x08002100   0x08002100   0x0000000e   Code   RO        10410    .text               c_w.l(defsig_rtmem_outer.o)
    0x0800210e   0x0800210e   0x00000002   Code   RO        10443    .text               c_w.l(use_no_semi.o)
    0x08002110   0x08002110   0x00000000   Code   RO        10445    .text               c_w.l(indicate_semi.o)
    0x08002110   0x08002110   0x0000004a   Code   RO        10446    .text               c_w.l(sys_stackheap_outer.o)
    0x0800215a   0x0800215a   0x00000016   Code   RO        10452    .text               c_w.l(_rserrno.o)
    0x08002170   0x08002170   0x00000320   Code   RO        10454    .text               c_w.l(scanf_hexfp.o)
    0x08002490   0x08002490   0x00000134   Code   RO        10456    .text               c_w.l(scanf_infnan.o)
    0x080025c4   0x080025c4   0x00000012   Code   RO        10458    .text               c_w.l(exit.o)
    0x080025d6   0x080025d6   0x0000000a   Code   RO        10460    .text               c_w.l(defsig_exit.o)
    0x080025e0   0x080025e0   0x00000050   Code   RO        10462    .text               c_w.l(defsig_rtmem_inner.o)
    0x08002630   0x08002630   0x0000000c   Code   RO        10482    .text               c_w.l(sys_exit.o)
    0x0800263c   0x0800263c   0x00000026   Code   RO        10490    .text               c_w.l(llshl.o)
    0x08002662   0x08002662   0x00000032   Code   RO        10494    .text               c_w.l(defsig_general.o)
    0x08002694   0x08002694   0x0000000e   Code   RO        10532    .text               c_w.l(sys_wrch.o)
    0x080026a2   0x080026a2   0x0000003e   Code   RO        10382    CL$$btod_d2e        c_w.l(btod.o)
    0x080026e0   0x080026e0   0x00000046   Code   RO        10384    CL$$btod_d2e_denorm_low  c_w.l(btod.o)
    0x08002726   0x08002726   0x00000060   Code   RO        10383    CL$$btod_d2e_norm_op1  c_w.l(btod.o)
    0x08002786   0x08002786   0x00000338   Code   RO        10392    CL$$btod_div_common  c_w.l(btod.o)
    0x08002abe   0x08002abe   0x00000002   PAD
    0x08002ac0   0x08002ac0   0x00000084   Code   RO        10390    CL$$btod_e2d        c_w.l(btod.o)
    0x08002b44   0x08002b44   0x000000dc   Code   RO        10389    CL$$btod_e2e        c_w.l(btod.o)
    0x08002c20   0x08002c20   0x0000002a   Code   RO        10386    CL$$btod_ediv       c_w.l(btod.o)
    0x08002c4a   0x08002c4a   0x0000002a   Code   RO        10388    CL$$btod_edivd      c_w.l(btod.o)
    0x08002c74   0x08002c74   0x0000002a   Code   RO        10385    CL$$btod_emul       c_w.l(btod.o)
    0x08002c9e   0x08002c9e   0x0000002a   Code   RO        10387    CL$$btod_emuld      c_w.l(btod.o)
    0x08002cc8   0x08002cc8   0x00000244   Code   RO        10391    CL$$btod_mult_common  c_w.l(btod.o)
    0x08002f0c   0x08002f0c   0x00000004   Code   RO         6286    i.BusFault_Handler  stm32f4xx_it.o
    0x08002f10   0x08002f10   0x00000002   Code   RO         6287    i.DebugMon_Handler  stm32f4xx_it.o
    0x08002f12   0x08002f12   0x00000002   PAD
    0x08002f14   0x08002f14   0x0000000c   Code   RO         1425    i.FLASH_ClearFlag   stm32f4xx_flash.o
    0x08002f20   0x08002f20   0x00000088   Code   RO         1431    i.FLASH_EraseSector  stm32f4xx_flash.o
    0x08002fa8   0x08002fa8   0x00000054   Code   RO         1433    i.FLASH_GetStatus   stm32f4xx_flash.o
    0x08002ffc   0x08002ffc   0x00000014   Code   RO         1437    i.FLASH_Lock        stm32f4xx_flash.o
    0x08003010   0x08003010   0x00000050   Code   RO         1461    i.FLASH_ProgramWord  stm32f4xx_flash.o
    0x08003060   0x08003060   0x00000024   Code   RO         1463    i.FLASH_Unlock      stm32f4xx_flash.o
    0x08003084   0x08003084   0x00000022   Code   RO         1464    i.FLASH_WaitForLastOperation  stm32f4xx_flash.o
    0x080030a6   0x080030a6   0x00000090   Code   RO         1709    i.GPIO_Init         stm32f4xx_gpio.o
    0x08003136   0x08003136   0x00000046   Code   RO         1710    i.GPIO_PinAFConfig  stm32f4xx_gpio.o
    0x0800317c   0x0800317c   0x00000012   Code   RO         1713    i.GPIO_ReadInputDataBit  stm32f4xx_gpio.o
    0x0800318e   0x0800318e   0x00000004   Code   RO         1716    i.GPIO_ResetBits    stm32f4xx_gpio.o
    0x08003192   0x08003192   0x00000004   Code   RO         1717    i.GPIO_SetBits      stm32f4xx_gpio.o
    0x08003196   0x08003196   0x00000012   Code   RO         1718    i.GPIO_StructInit   stm32f4xx_gpio.o
    0x080031a8   0x080031a8   0x0000000a   Code   RO         1721    i.GPIO_WriteBit     stm32f4xx_gpio.o
    0x080031b2   0x080031b2   0x00000004   Code   RO         6288    i.HardFault_Handler  stm32f4xx_it.o
    0x080031b6   0x080031b6   0x00000004   Code   RO         6289    i.MemManage_Handler  stm32f4xx_it.o
    0x080031ba   0x080031ba   0x00000002   Code   RO         6290    i.NMI_Handler       stm32f4xx_it.o
    0x080031bc   0x080031bc   0x00000078   Code   RO           12    i.NVIC_Init         misc.o
    0x08003234   0x08003234   0x00000028   Code   RO         6165    i.NVIC_SetPriority  main.o
    0x0800325c   0x0800325c   0x0000002a   Code   RO         4774    i.OLED_Clear        oled.o
    0x08003286   0x08003286   0x00000016   Code   RO         4775    i.OLED_I2C_Delay    oled.o
    0x0800329c   0x0800329c   0x00000060   Code   RO         4776    i.OLED_I2C_Init     oled.o
    0x080032fc   0x080032fc   0x000000a0   Code   RO         4777    i.OLED_I2C_SendByte  oled.o
    0x0800339c   0x0800339c   0x00000060   Code   RO         4778    i.OLED_I2C_Start    oled.o
    0x080033fc   0x080033fc   0x0000004c   Code   RO         4779    i.OLED_I2C_Stop     oled.o
    0x08003448   0x08003448   0x000000ae   Code   RO         4780    i.OLED_Init         oled.o
    0x080034f6   0x080034f6   0x00000014   Code   RO         4781    i.OLED_Pow          oled.o
    0x0800350a   0x0800350a   0x00000022   Code   RO         4782    i.OLED_SetCursor    oled.o
    0x0800352c   0x0800352c   0x00000074   Code   RO         4784    i.OLED_ShowChar     oled.o
    0x080035a0   0x080035a0   0x00000044   Code   RO         4786    i.OLED_ShowNum      oled.o
    0x080035e4   0x080035e4   0x00000028   Code   RO         4788    i.OLED_ShowString   oled.o
    0x0800360c   0x0800360c   0x00000020   Code   RO         4789    i.OLED_WriteCommand  oled.o
    0x0800362c   0x0800362c   0x00000020   Code   RO         4790    i.OLED_WriteData    oled.o
    0x0800364c   0x0800364c   0x000000b8   Code   RO         4751    i.PIN_Init          gpio.o
    0x08003704   0x08003704   0x00000020   Code   RO         2573    i.RCC_AHB1PeriphClockCmd  stm32f4xx_rcc.o
    0x08003724   0x08003724   0x00000020   Code   RO         2582    i.RCC_APB1PeriphClockCmd  stm32f4xx_rcc.o
    0x08003744   0x08003744   0x00000020   Code   RO         2584    i.RCC_APB1PeriphResetCmd  stm32f4xx_rcc.o
    0x08003764   0x08003764   0x00000020   Code   RO         2587    i.RCC_APB2PeriphResetCmd  stm32f4xx_rcc.o
    0x08003784   0x08003784   0x000000e8   Code   RO         2594    i.RCC_GetClocksFreq  stm32f4xx_rcc.o
    0x0800386c   0x0800386c   0x00000002   Code   RO         6291    i.SVC_Handler       stm32f4xx_it.o
    0x0800386e   0x0800386e   0x00000002   PAD
    0x08003870   0x08003870   0x000000ec   Code   RO         6366    i.SetSysClock       system_stm32f4xx.o
    0x0800395c   0x0800395c   0x00000008   Code   RO         6292    i.SysTick_Handler   stm32f4xx_it.o
    0x08003964   0x08003964   0x000000c0   Code   RO         6367    i.SystemCoreClockUpdate  system_stm32f4xx.o
    0x08003a24   0x08003a24   0x00000068   Code   RO         6368    i.SystemInit        system_stm32f4xx.o
    0x08003a8c   0x08003a8c   0x00000058   Code   RO         4895    i.Temp_DelayUs      temp.o
    0x08003ae4   0x08003ae4   0x0000001c   Code   RO         4896    i.Temp_Init         temp.o
    0x08003b00   0x08003b00   0x000000e0   Code   RO         4897    i.Temp_Read         temp.o
    0x08003be0   0x08003be0   0x00000068   Code   RO         4898    i.Temp_ReadByte     temp.o
    0x08003c48   0x08003c48   0x0000002c   Code   RO         4899    i.Temp_SetInput     temp.o
    0x08003c74   0x08003c74   0x00000028   Code   RO         4900    i.Temp_SetOutput    temp.o
    0x08003c9c   0x08003c9c   0x0000002c   Code   RO         4901    i.Temp_WaitLevel    temp.o
    0x08003cc8   0x08003cc8   0x00000008   Code   RO         6293    i.USART3_IRQHandler  stm32f4xx_it.o
    0x08003cd0   0x08003cd0   0x00000018   Code   RO         4470    i.USART_Cmd         stm32f4xx_usart.o
    0x08003ce8   0x08003ce8   0x000000f0   Code   RO         4472    i.USART_DeInit      stm32f4xx_usart.o
    0x08003dd8   0x08003dd8   0x0000001a   Code   RO         4473    i.USART_GetFlagStatus  stm32f4xx_usart.o
    0x08003df2   0x08003df2   0x00000054   Code   RO         4474    i.USART_GetITStatus  stm32f4xx_usart.o
    0x08003e46   0x08003e46   0x0000004a   Code   RO         4476    i.USART_ITConfig    stm32f4xx_usart.o
    0x08003e90   0x08003e90   0x000000d4   Code   RO         4477    i.USART_Init        stm32f4xx_usart.o
    0x08003f64   0x08003f64   0x0000000a   Code   RO         4484    i.USART_ReceiveData  stm32f4xx_usart.o
    0x08003f6e   0x08003f6e   0x00000008   Code   RO         4487    i.USART_SendData    stm32f4xx_usart.o
    0x08003f76   0x08003f76   0x00000018   Code   RO         4493    i.USART_StructInit  stm32f4xx_usart.o
    0x08003f8e   0x08003f8e   0x00000004   Code   RO         6294    i.UsageFault_Handler  stm32f4xx_it.o
    0x08003f92   0x08003f92   0x00000002   PAD
    0x08003f94   0x08003f94   0x00000008   Code   RO         5634    i.Wifi_GetApSsid    wifi.o
    0x08003f9c   0x08003f9c   0x0000003c   Code   RO         5635    i.Wifi_GetStatus    wifi.o
    0x08003fd8   0x08003fd8   0x000000d8   Code   RO         5636    i.Wifi_Init         wifi.o
    0x080040b0   0x080040b0   0x0000000c   Code   RO         5637    i.Wifi_IsSwitchOn   wifi.o
    0x080040bc   0x080040bc   0x0000000c   Code   RO         5638    i.Wifi_RequestClearConfig  wifi.o
    0x080040c8   0x080040c8   0x0000000c   Code   RO         5639    i.Wifi_RequestMqttConnect  wifi.o
    0x080040d4   0x080040d4   0x0000000c   Code   RO         5640    i.Wifi_RequestPublishStart  wifi.o
    0x080040e0   0x080040e0   0x00000018   Code   RO         5641    i.Wifi_RequestWifiConnect  wifi.o
    0x080040f8   0x080040f8   0x00000138   Code   RO         5642    i.Wifi_ThreadEntry  wifi.o
    0x08004230   0x08004230   0x00000034   Code   RO         5643    i.Wifi_USART3_IRQHandler  wifi.o
    0x08004264   0x08004264   0x0000001c   Code   RO         5644    i.Wifi_UpdateSensor  wifi.o
    0x08004280   0x08004280   0x00000030   Code   RO        10433    i.__ARM_fpclassify  m_wm.l(fpclassify.o)
    0x080042b0   0x080042b0   0x0000000e   Code   RO         7899    i.__disable_interrupts  tx_thread_create.o
    0x080042be   0x080042be   0x0000000e   Code   RO         8164    i.__disable_interrupts  tx_thread_shell_entry.o
    0x080042cc   0x080042cc   0x0000000e   Code   RO         8309    i.__disable_interrupts  tx_thread_system_suspend.o
    0x080042da   0x080042da   0x0000000e   Code   RO         8686    i.__disable_interrupts  tx_timer_thread_entry.o
    0x080042e8   0x080042e8   0x0000000e   Code   RO         9644    i.__disable_interrupts  txe_thread_create.o
    0x080042f6   0x080042f6   0x00000002   PAD
    0x080042f8   0x080042f8   0x000000f8   Code   RO        10435    i.__hardfp___mathlib_tofloat  m_wm.l(narrow.o)
    0x080043f0   0x080043f0   0x00000014   Code   RO        10204    i.__hardfp_fabs     m_wm.l(fabs.o)
    0x08004404   0x08004404   0x00000004   PAD
    0x08004408   0x08004408   0x000000d0   Code   RO        10516    i.__hardfp_ldexp    m_wm.l(ldexp.o)
    0x080044d8   0x080044d8   0x00000028   Code   RO        10210    i.__hardfp_strtod   m_wm.l(strtod.o)
    0x08004500   0x08004500   0x00000020   Code   RO        10549    i.__mathlib_dbl_overflow  m_wm.l(dunder.o)
    0x08004520   0x08004520   0x00000020   Code   RO        10551    i.__mathlib_dbl_underflow  m_wm.l(dunder.o)
    0x08004540   0x08004540   0x00000012   Code   RO        10436    i.__mathlib_narrow  m_wm.l(narrow.o)
    0x08004552   0x08004552   0x00000006   Code   RO         8186    i.__restore_interrupt  tx_thread_sleep.o
    0x08004558   0x08004558   0x00000006   Code   RO         8310    i.__restore_interrupt  tx_thread_system_suspend.o
    0x0800455e   0x0800455e   0x00000006   Code   RO         8687    i.__restore_interrupt  tx_timer_thread_entry.o
    0x08004564   0x08004564   0x00000014   Code   RO        10518    i.__support_ldexp   m_wm.l(ldexp.o)
    0x08004578   0x08004578   0x0000000e   Code   RO        10123    i._is_digit         c_w.l(__printf_wp.o)
    0x08004586   0x08004586   0x00000002   PAD
    0x08004588   0x08004588   0x00000070   Code   RO         7057    i._tx_initialize_high_level  tx_initialize_high_level.o
    0x080045f8   0x080045f8   0x00000050   Code   RO         7106    i._tx_initialize_kernel_enter  tx_initialize_kernel_enter.o
    0x08004648   0x08004648   0x00000070   Code   RO         6166    i._tx_initialize_low_level  main.o
    0x080046b8   0x080046b8   0x00000150   Code   RO         7900    i._tx_thread_create  tx_thread_create.o
    0x08004808   0x08004808   0x00000070   Code   RO         7989    i._tx_thread_initialize  tx_thread_initialize.o
    0x08004878   0x08004878   0x0000008c   Code   RO         8165    i._tx_thread_shell_entry  tx_thread_shell_entry.o
    0x08004904   0x08004904   0x000000b0   Code   RO         8187    i._tx_thread_sleep  tx_thread_sleep.o
    0x080049b4   0x080049b4   0x00000028   Code   RO         8275    i._tx_thread_system_preempt_check  tx_thread_system_preempt_check.o
    0x080049dc   0x080049dc   0x00000154   Code   RO         8292    i._tx_thread_system_resume  tx_thread_system_resume.o
    0x08004b30   0x08004b30   0x00000024   Code   RO         8276    i._tx_thread_system_return_inline  tx_thread_system_preempt_check.o
    0x08004b54   0x08004b54   0x00000024   Code   RO         8293    i._tx_thread_system_return_inline  tx_thread_system_resume.o
    0x08004b78   0x08004b78   0x00000024   Code   RO         8311    i._tx_thread_system_return_inline  tx_thread_system_suspend.o
    0x08004b9c   0x08004b9c   0x000001c8   Code   RO         8312    i._tx_thread_system_suspend  tx_thread_system_suspend.o
    0x08004d64   0x08004d64   0x00000078   Code   RO         8364    i._tx_thread_time_slice  tx_thread_time_slice.o
    0x08004ddc   0x08004ddc   0x00000058   Code   RO         8398    i._tx_thread_timeout  tx_thread_timeout.o
    0x08004e34   0x08004e34   0x00000028   Code   RO         8442    i._tx_time_get      tx_time_get.o
    0x08004e5c   0x08004e5c   0x00000038   Code   RO         8561    i._tx_timer_expiration_process  tx_timer_expiration_process.o
    0x08004e94   0x08004e94   0x000000e8   Code   RO         8595    i._tx_timer_initialize  tx_timer_initialize.o
    0x08004f7c   0x08004f7c   0x00000060   Code   RO         8653    i._tx_timer_system_activate  tx_timer_system_activate.o
    0x08004fdc   0x08004fdc   0x0000002e   Code   RO         8670    i._tx_timer_system_deactivate  tx_timer_system_deactivate.o
    0x0800500a   0x0800500a   0x00000002   PAD
    0x0800500c   0x0800500c   0x00000154   Code   RO         8689    i._tx_timer_thread_entry  tx_timer_thread_entry.o
    0x08005160   0x08005160   0x00000188   Code   RO         9646    i._txe_thread_create  txe_thread_create.o
    0x080052e8   0x080052e8   0x00000036   Code   RO         4950    i.add_item_to_array  cjson.o
    0x0800531e   0x0800531e   0x0000007a   Code   RO         4951    i.add_item_to_object  cjson.o
    0x08005398   0x08005398   0x00000048   Code   RO         4952    i.buffer_skip_whitespace  cjson.o
    0x080053e0   0x080053e0   0x00000034   Code   RO         4954    i.cJSON_AddBoolToObject  cjson.o
    0x08005414   0x08005414   0x00000030   Code   RO         4961    i.cJSON_AddNullToObject  cjson.o
    0x08005444   0x08005444   0x0000004c   Code   RO         4962    i.cJSON_AddNumberToObject  cjson.o
    0x08005490   0x08005490   0x00000030   Code   RO         4963    i.cJSON_AddObjectToObject  cjson.o
    0x080054c0   0x080054c0   0x00000034   Code   RO         4965    i.cJSON_AddStringToObject  cjson.o
    0x080054f4   0x080054f4   0x00000020   Code   RO         4970    i.cJSON_CreateBool  cjson.o
    0x08005514   0x08005514   0x00000018   Code   RO         4975    i.cJSON_CreateNull  cjson.o
    0x0800552c   0x0800552c   0x0000007c   Code   RO         4976    i.cJSON_CreateNumber  cjson.o
    0x080055a8   0x080055a8   0x00000018   Code   RO         4977    i.cJSON_CreateObject  cjson.o
    0x080055c0   0x080055c0   0x00000034   Code   RO         4980    i.cJSON_CreateString  cjson.o
    0x080055f4   0x080055f4   0x00000060   Code   RO         4984    i.cJSON_Delete      cjson.o
    0x08005654   0x08005654   0x00000012   Code   RO         4998    i.cJSON_GetObjectItem  cjson.o
    0x08005666   0x08005666   0x00000018   Code   RO         5005    i.cJSON_IsBool      cjson.o
    0x0800567e   0x0800567e   0x00000016   Code   RO         5009    i.cJSON_IsNumber    cjson.o
    0x08005694   0x08005694   0x00000016   Code   RO         5010    i.cJSON_IsObject    cjson.o
    0x080056aa   0x080056aa   0x00000016   Code   RO         5012    i.cJSON_IsString    cjson.o
    0x080056c0   0x080056c0   0x00000016   Code   RO         5013    i.cJSON_IsTrue      cjson.o
    0x080056d6   0x080056d6   0x0000001a   Code   RO         5015    i.cJSON_New_Item    cjson.o
    0x080056f0   0x080056f0   0x00000010   Code   RO         5016    i.cJSON_Parse       cjson.o
    0x08005700   0x08005700   0x000000d4   Code   RO         5018    i.cJSON_ParseWithLengthOpts  cjson.o
    0x080057d4   0x080057d4   0x00000028   Code   RO         5019    i.cJSON_ParseWithOpts  cjson.o
    0x080057fc   0x080057fc   0x00000014   Code   RO         5023    i.cJSON_PrintUnformatted  cjson.o
    0x08005810   0x08005810   0x00000016   Code   RO         5025    i.cJSON_ReplaceItemInObject  cjson.o
    0x08005826   0x08005826   0x00000064   Code   RO         5027    i.cJSON_ReplaceItemViaPointer  cjson.o
    0x0800588a   0x0800588a   0x00000002   PAD
    0x0800588c   0x0800588c   0x00000014   Code   RO         5031    i.cJSON_free        cjson.o
    0x080058a0   0x080058a0   0x00000038   Code   RO         5033    i.cJSON_strdup      cjson.o
    0x080058d8   0x080058d8   0x00000048   Code   RO         5034    i.case_insensitive_strcmp  cjson.o
    0x08005920   0x08005920   0x00000002   Code   RO         5035    i.cast_away_const   cjson.o
    0x08005922   0x08005922   0x00000002   PAD
    0x08005924   0x08005924   0x000000c8   Code   RO         5036    i.compare_double    cjson.o
    0x080059ec   0x080059ec   0x000000b8   Code   RO         5038    i.ensure            cjson.o
    0x08005aa4   0x08005aa4   0x00000004   PAD
    0x08005aa8   0x08005aa8   0x0000008c   Code   RO        10478    i.frexp             m_wm.l(frexp.o)
    0x08005b34   0x08005b34   0x00000004   Code   RO         5040    i.get_decimal_point  cjson.o
    0x08005b38   0x08005b38   0x00000052   Code   RO         5041    i.get_object_item   cjson.o
    0x08005b8a   0x08005b8a   0x00000002   PAD
    0x08005b8c   0x08005b8c   0x000000d0   Code   RO         6168    i.key_thread_entry  main.o
    0x08005c5c   0x08005c5c   0x0000003c   Code   RO         6169    i.led_thread_entry  main.o
    0x08005c98   0x08005c98   0x0000005c   Code   RO         6170    i.main              main.o
    0x08005cf4   0x08005cf4   0x00000190   Code   RO         6171    i.oled_show_status  main.o
    0x08005e84   0x08005e84   0x00000124   Code   RO         6172    i.oled_thread_entry  main.o
    0x08005fa8   0x08005fa8   0x000000f8   Code   RO         5043    i.parse_array       cjson.o
    0x080060a0   0x080060a0   0x0000005a   Code   RO         5044    i.parse_hex4        cjson.o
    0x080060fa   0x080060fa   0x00000002   PAD
    0x080060fc   0x080060fc   0x00000194   Code   RO         5045    i.parse_number      cjson.o
    0x08006290   0x08006290   0x0000014c   Code   RO         5046    i.parse_object      cjson.o
    0x080063dc   0x080063dc   0x0000018e   Code   RO         5047    i.parse_string      cjson.o
    0x0800656a   0x0800656a   0x00000002   PAD
    0x0800656c   0x0800656c   0x0000013c   Code   RO         5048    i.parse_value       cjson.o
    0x080066a8   0x080066a8   0x000000bc   Code   RO         5049    i.print             cjson.o
    0x08006764   0x08006764   0x000000b2   Code   RO         5050    i.print_array       cjson.o
    0x08006816   0x08006816   0x00000002   PAD
    0x08006818   0x08006818   0x0000016c   Code   RO         5051    i.print_number      cjson.o
    0x08006984   0x08006984   0x00000174   Code   RO         5052    i.print_object      cjson.o
    0x08006af8   0x08006af8   0x00000010   Code   RO         5053    i.print_string      cjson.o
    0x08006b08   0x08006b08   0x00000174   Code   RO         5054    i.print_string_ptr  cjson.o
    0x08006c7c   0x08006c7c   0x00000104   Code   RO         5055    i.print_value       cjson.o
    0x08006d80   0x08006d80   0x00000060   Code   RO         5056    i.replace_item_in_object  cjson.o
    0x08006de0   0x08006de0   0x0000003c   Code   RO         5059    i.skip_utf8_bom     cjson.o
    0x08006e1c   0x08006e1c   0x00000006   Code   RO         5060    i.suffix_object     cjson.o
    0x08006e22   0x08006e22   0x00000002   PAD
    0x08006e24   0x08006e24   0x00000104   Code   RO         6173    i.tx_application_define  main.o
    0x08006f28   0x08006f28   0x00000024   Code   RO         5061    i.update_offset     cjson.o
    0x08006f4c   0x08006f4c   0x0000012c   Code   RO         5062    i.utf16_literal_to_utf8  cjson.o
    0x08007078   0x08007078   0x00000130   Code   RO         5646    i.wifi_check_auto_rule  wifi.o
    0x080071a8   0x080071a8   0x00000050   Code   RO         5647    i.wifi_check_restart  wifi.o
    0x080071f8   0x080071f8   0x00000084   Code   RO         5648    i.wifi_check_timer  wifi.o
    0x0800727c   0x0800727c   0x0000003c   Code   RO         5649    i.wifi_clear_sta_config  wifi.o
    0x080072b8   0x080072b8   0x00000032   Code   RO         5650    i.wifi_config_checksum  wifi.o
    0x080072ea   0x080072ea   0x00000002   PAD
    0x080072ec   0x080072ec   0x0000005c   Code   RO         5651    i.wifi_config_is_valid  wifi.o
    0x08007348   0x08007348   0x00000084   Code   RO         5652    i.wifi_config_user  wifi.o
    0x080073cc   0x080073cc   0x000000e0   Code   RO         5653    i.wifi_connect_broker  wifi.o
    0x080074ac   0x080074ac   0x0000004c   Code   RO         5654    i.wifi_connect_host  wifi.o
    0x080074f8   0x080074f8   0x00000124   Code   RO         5655    i.wifi_connect_wifi  wifi.o
    0x0800761c   0x0800761c   0x00000164   Code   RO         5656    i.wifi_create_message  wifi.o
    0x08007780   0x08007780   0x000000c8   Code   RO         5657    i.wifi_error_name   wifi.o
    0x08007848   0x08007848   0x00000060   Code   RO         5658    i.wifi_escape_at_string  wifi.o
    0x080078a8   0x080078a8   0x00000264   Code   RO         5659    i.wifi_fill_runtime_data  wifi.o
    0x08007b0c   0x08007b0c   0x0000025c   Code   RO         5660    i.wifi_fill_telemetry_data  wifi.o
    0x08007d68   0x08007d68   0x0000005c   Code   RO         5661    i.wifi_get_command_text  wifi.o
    0x08007dc4   0x08007dc4   0x00000040   Code   RO         5662    i.wifi_get_json_item  wifi.o
    0x08007e04   0x08007e04   0x00000034   Code   RO         5663    i.wifi_get_object_item_any  wifi.o
    0x08007e38   0x08007e38   0x00000092   Code   RO         5664    i.wifi_get_query_value  wifi.o
    0x08007eca   0x08007eca   0x00000002   PAD
    0x08007ecc   0x08007ecc   0x00000038   Code   RO         5665    i.wifi_get_req_id_text  wifi.o
    0x08007f04   0x08007f04   0x0000000a   Code   RO         5666    i.wifi_gpio_init    wifi.o
    0x08007f0e   0x08007f0e   0x00000002   PAD
    0x08007f10   0x08007f10   0x000001a0   Code   RO         5667    i.wifi_handle_http_request  wifi.o
    0x080080b0   0x080080b0   0x00000144   Code   RO         5668    i.wifi_handle_legacy_payload  wifi.o
    0x080081f4   0x080081f4   0x00000080   Code   RO         5669    i.wifi_handle_payload  wifi.o
    0x08008274   0x08008274   0x00000510   Code   RO         5670    i.wifi_handle_protocol_payload  wifi.o
    0x08008784   0x08008784   0x00000054   Code   RO         5671    i.wifi_handle_subrecv  wifi.o
    0x080087d8   0x080087d8   0x00000032   Code   RO         5672    i.wifi_hex_value    wifi.o
    0x0800880a   0x0800880a   0x00000026   Code   RO         5673    i.wifi_json_get_string  wifi.o
    0x08008830   0x08008830   0x00000054   Code   RO         5674    i.wifi_json_item_to_action  wifi.o
    0x08008884   0x08008884   0x00000062   Code   RO         5675    i.wifi_json_item_to_int_range  wifi.o
    0x080088e6   0x080088e6   0x00000002   PAD
    0x080088e8   0x080088e8   0x00000108   Code   RO         5676    i.wifi_json_item_to_switch  wifi.o
    0x080089f0   0x080089f0   0x00000034   Code   RO         5677    i.wifi_load_set     wifi.o
    0x08008a24   0x08008a24   0x0000003c   Code   RO         5678    i.wifi_load_sta_config  wifi.o
    0x08008a60   0x08008a60   0x00000034   Code   RO         6174    i.wifi_mqtt_step_text  main.o
    0x08008a94   0x08008a94   0x00000040   Code   RO         5679    i.wifi_mqtt_subscribe  wifi.o
    0x08008ad4   0x08008ad4   0x00000022   Code   RO         5680    i.wifi_ms_to_ticks  wifi.o
    0x08008af6   0x08008af6   0x000000a2   Code   RO         5681    i.wifi_parse_cwjap_rssi  wifi.o
    0x08008b98   0x08008b98   0x0000007c   Code   RO         5682    i.wifi_parse_ipd_line  wifi.o
    0x08008c14   0x08008c14   0x000000f8   Code   RO         5683    i.wifi_process_line  wifi.o
    0x08008d0c   0x08008d0c   0x000000bc   Code   RO         5684    i.wifi_publish_event  wifi.o
    0x08008dc8   0x08008dc8   0x00000094   Code   RO         5685    i.wifi_publish_heartbeat  wifi.o
    0x08008e5c   0x08008e5c   0x00000030   Code   RO         5686    i.wifi_publish_json  wifi.o
    0x08008e8c   0x08008e8c   0x00000088   Code   RO         5687    i.wifi_publish_raw  wifi.o
    0x08008f14   0x08008f14   0x000000d0   Code   RO         5688    i.wifi_publish_reply  wifi.o
    0x08008fe4   0x08008fe4   0x000000bc   Code   RO         5689    i.wifi_publish_status  wifi.o
    0x080090a0   0x080090a0   0x00000044   Code   RO         5690    i.wifi_publish_telemetry  wifi.o
    0x080090e4   0x080090e4   0x0000006c   Code   RO         5691    i.wifi_read_line    wifi.o
    0x08009150   0x08009150   0x00000170   Code   RO         5692    i.wifi_refresh_ap_ssid  wifi.o
    0x080092c0   0x080092c0   0x0000013c   Code   RO         5693    i.wifi_refresh_rssi  wifi.o
    0x080093fc   0x080093fc   0x00000014   Code   RO         5694    i.wifi_reset_retry_state  wifi.o
    0x08009410   0x08009410   0x00000030   Code   RO         5695    i.wifi_retry_ready  wifi.o
    0x08009440   0x08009440   0x00000014   Code   RO         5696    i.wifi_rx_clear     wifi.o
    0x08009454   0x08009454   0x0000003c   Code   RO         5697    i.wifi_rx_pop       wifi.o
    0x08009490   0x08009490   0x0000002c   Code   RO         5698    i.wifi_rx_push      wifi.o
    0x080094bc   0x080094bc   0x000000e0   Code   RO         5699    i.wifi_save_sta_config  wifi.o
    0x0800959c   0x0800959c   0x00000024   Code   RO         5700    i.wifi_schedule_restart  wifi.o
    0x080095c0   0x080095c0   0x0000005c   Code   RO         5701    i.wifi_schedule_retry_after_failure  wifi.o
    0x0800961c   0x0800961c   0x00000018   Code   RO         5702    i.wifi_send_command  wifi.o
    0x08009634   0x08009634   0x0000001c   Code   RO         5703    i.wifi_send_command2  wifi.o
    0x08009650   0x08009650   0x00000098   Code   RO         5704    i.wifi_send_config_page  wifi.o
    0x080096e8   0x080096e8   0x00000094   Code   RO         5705    i.wifi_send_http_response  wifi.o
    0x0800977c   0x0800977c   0x00000034   Code   RO         5706    i.wifi_send_saved_page  wifi.o
    0x080097b0   0x080097b0   0x0000006c   Code   RO         5707    i.wifi_send_tcp_data  wifi.o
    0x0800981c   0x0800981c   0x0000001c   Code   RO         5708    i.wifi_set_default_ap_ssid  wifi.o
    0x08009838   0x08009838   0x00000098   Code   RO         5709    i.wifi_set_error_object  wifi.o
    0x080098d0   0x080098d0   0x000001dc   Code   RO         5710    i.wifi_start_config_portal  wifi.o
    0x08009aac   0x08009aac   0x00000044   Code   RO         6175    i.wifi_state_text   main.o
    0x08009af0   0x08009af0   0x00000048   Code   RO         5711    i.wifi_stop_config_portal  wifi.o
    0x08009b38   0x08009b38   0x00000032   Code   RO         5712    i.wifi_string_equals_any  wifi.o
    0x08009b6a   0x08009b6a   0x0000001e   Code   RO         5713    i.wifi_strnlen_local  wifi.o
    0x08009b88   0x08009b88   0x0000001c   Code   RO         5714    i.wifi_timer_action_text  wifi.o
    0x08009ba4   0x08009ba4   0x00000038   Code   RO         5715    i.wifi_timer_remain_seconds  wifi.o
    0x08009bdc   0x08009bdc   0x00000038   Code   RO         5716    i.wifi_update_ap_ssid_from_suffix  wifi.o
    0x08009c14   0x08009c14   0x0000000e   Code   RO         5717    i.wifi_uptime_seconds  wifi.o
    0x08009c22   0x08009c22   0x0000008a   Code   RO         5718    i.wifi_url_decode   wifi.o
    0x08009cac   0x08009cac   0x000000c4   Code   RO         5719    i.wifi_usart_init   wifi.o
    0x08009d70   0x08009d70   0x00000020   Code   RO         5720    i.wifi_usart_send_char  wifi.o
    0x08009d90   0x08009d90   0x00000016   Code   RO         5721    i.wifi_usart_send_string  wifi.o
    0x08009da6   0x08009da6   0x00000040   Code   RO         5722    i.wifi_wait_char    wifi.o
    0x08009de6   0x08009de6   0x00000002   PAD
    0x08009de8   0x08009de8   0x00000038   Code   RO         5723    i.wifi_wait_module_ready  wifi.o
    0x08009e20   0x08009e20   0x00000090   Code   RO         5724    i.wifi_wait_response  wifi.o
    0x08009eb0   0x08009eb0   0x00000040   Code   RO         6176    i.wifi_wifi_step_text  main.o
    0x08009ef0   0x08009ef0   0x0000002c   Code   RO        10405    locale$$code        c_w.l(lc_ctype_c.o)
    0x08009f1c   0x08009f1c   0x0000002c   Code   RO        10408    locale$$code        c_w.l(lc_numeric_c.o)
    0x08009f48   0x08009f48   0x00000062   Code   RO        10474    x$fpl$d2f           fz_wm.l(d2f.o)
    0x08009faa   0x08009faa   0x00000002   PAD
    0x08009fac   0x08009fac   0x00000150   Code   RO        10174    x$fpl$dadd          fz_wm.l(daddsub_clz.o)
    0x0800a0fc   0x0800a0fc   0x00000010   Code   RO        10579    x$fpl$dcheck1       fz_wm.l(dcheck1.o)
    0x0800a10c   0x0800a10c   0x00000018   Code   RO        10325    x$fpl$dcmpinf       fz_wm.l(dcmpi.o)
    0x0800a124   0x0800a124   0x00000078   Code   RO        10180    x$fpl$deqf          fz_wm.l(deqf.o)
    0x0800a19c   0x0800a19c   0x0000005e   Code   RO        10182    x$fpl$dfix          fz_wm.l(dfix.o)
    0x0800a1fa   0x0800a1fa   0x0000002e   Code   RO        10187    x$fpl$dflt          fz_wm.l(dflt_clz.o)
    0x0800a228   0x0800a228   0x00000026   Code   RO        10186    x$fpl$dfltu         fz_wm.l(dflt_clz.o)
    0x0800a24e   0x0800a24e   0x00000002   PAD
    0x0800a250   0x0800a250   0x00000078   Code   RO        10192    x$fpl$dleqf         fz_wm.l(dleqf.o)
    0x0800a2c8   0x0800a2c8   0x00000154   Code   RO        10194    x$fpl$dmul          fz_wm.l(dmul.o)
    0x0800a41c   0x0800a41c   0x0000009c   Code   RO        10327    x$fpl$dnaninf       fz_wm.l(dnaninf.o)
    0x0800a4b8   0x0800a4b8   0x0000000c   Code   RO        10329    x$fpl$dretinf       fz_wm.l(dretinf.o)
    0x0800a4c4   0x0800a4c4   0x0000006c   Code   RO        10196    x$fpl$drleqf        fz_wm.l(drleqf.o)
    0x0800a530   0x0800a530   0x000001d4   Code   RO        10176    x$fpl$dsub          fz_wm.l(daddsub_clz.o)
    0x0800a704   0x0800a704   0x0000000a   Code   RO        10423    x$fpl$fpinit        fz_wm.l(fpinit.o)
    0x0800a70e   0x0800a70e   0x0000000a   Code   RO        10514    x$fpl$fretinf       fz_wm.l(fretinf.o)
    0x0800a718   0x0800a718   0x00000006   Code   RO        10425    x$fpl$ieeestatus    fz_wm.l(istatus.o)
    0x0800a71e   0x0800a71e   0x00000004   Code   RO        10200    x$fpl$printf1       fz_wm.l(printf1.o)
    0x0800a722   0x0800a722   0x00000064   Code   RO        10585    x$fpl$retnan        fz_wm.l(retnan.o)
    0x0800a786   0x0800a786   0x0000005c   Code   RO        10543    x$fpl$scalbn        fz_wm.l(scalbn.o)
    0x0800a7e2   0x0800a7e2   0x00000004   Code   RO        10202    x$fpl$scanf1        fz_wm.l(scanf1.o)
    0x0800a7e6   0x0800a7e6   0x00000008   Code   RO        10427    x$fpl$scanf2        fz_wm.l(scanf2.o)
    0x0800a7ee   0x0800a7ee   0x00000030   Code   RO        10587    x$fpl$trapveneer    fz_wm.l(trapv.o)
    0x0800a81e   0x0800a81e   0x00000000   Code   RO        10333    x$fpl$usenofp       fz_wm.l(usenofp.o)
    0x0800a81e   0x0800a81e   0x000005f0   Data   RO         4791    .constdata          oled.o
    0x0800ae0e   0x0800ae0e   0x00000002   PAD
    0x0800ae10   0x0800ae10   0x00000138   Data   RO         5726    .constdata          wifi.o
    0x0800af48   0x0800af48   0x00000028   Data   RO        10096    .constdata          c_w.l(_printf_hex_int.o)
    0x0800af70   0x0800af70   0x00000011   Data   RO        10126    .constdata          c_w.l(__printf_flags_wp.o)
    0x0800af81   0x0800af81   0x00000003   PAD
    0x0800af84   0x0800af84   0x00000094   Data   RO        10380    .constdata          c_w.l(bigflt0.o)
    0x0800b018   0x0800b018   0x00000d94   Data   RO         5727    .conststring        wifi.o
    0x0800bdac   0x0800bdac   0x00000020   Data   RO        10589    Region$$Table       anon$$obj.o
    0x0800bdcc   0x0800bdcc   0x00000008   Data   RO        10419    c$$dinf             fz_wm.l(fpconst.o)
    0x0800bdd4   0x0800bdd4   0x00000008   Data   RO        10422    c$$dmax             fz_wm.l(fpconst.o)
    0x0800bddc   0x0800bddc   0x00000110   Data   RO        10404    locale$$data        c_w.l(lc_ctype_c.o)
    0x0800beec   0x0800beec   0x0000001c   Data   RO        10407    locale$$data        c_w.l(lc_numeric_c.o)


    Execution Region RW_IRAM2 (Exec base: 0x10000000, Load base: 0x0800bfd8, Size: 0x00000000, Max: 0x00010000, ABSOLUTE)

    **** No section assigned to this execution region ****


    Execution Region RW_IRAM1 (Exec base: 0x20000000, Load base: 0x0800bf08, Size: 0x00005f30, Max: 0x00020000, ABSOLUTE, COMPRESSED[0x000000d0])

    Exec Addr    Load Addr    Size         Type   Attr      Idx    E Section Name        Object

    0x20000000   COMPRESSED   0x00000010   Data   RW         2626    .data               stm32f4xx_rcc.o
    0x20000010   COMPRESSED   0x00000014   Data   RW         5064    .data               cjson.o
    0x20000024   COMPRESSED   0x00000090   Data   RW         5728    .data               wifi.o
    0x200000b4   COMPRESSED   0x00000014   Data   RW         6369    .data               system_stm32f4xx.o
    0x200000c8   COMPRESSED   0x00000034   Data   RW         7059    .data               tx_initialize_high_level.o
    0x200000fc   COMPRESSED   0x000000ac   Data   RW         7993    .data               tx_thread_initialize.o
    0x200001a8   COMPRESSED   0x00000034   Data   RW         8597    .data               tx_timer_initialize.o
    0x200001dc        -       0x00000470   Zero   RW         5725    .bss                wifi.o
    0x2000064c        -       0x00002ed0   Zero   RW         6177    .bss                main.o
    0x2000351c        -       0x00000080   Zero   RW         7991    .bss                tx_thread_initialize.o
    0x2000359c        -       0x00000534   Zero   RW         8596    .bss                tx_timer_initialize.o
    0x20003ad0        -       0x00000060   Zero   RW        10337    .bss                c_w.l(libspace.o)
    0x20003b30        -       0x00002000   Zero   RW            2    HEAP                startup_stm32f40_41xxx.o
    0x20005b30        -       0x00000400   Zero   RW            1    STACK               startup_stm32f40_41xxx.o


==============================================================================

Image component sizes


      Code (inc. data)   RO Data    RW Data    ZI Data      Debug   Object Name

      6098        240          0         20          0      48300   cjson.o
       184         28          0          0          0       1051   gpio.o
      1648        414          0          0      11984     264051   main.o
       120         14          0          0          0     271776   misc.o
      1008         24       1520          0          0       9209   oled.o
        64         26        392          0       9216        864   startup_stm32f40_41xxx.o
       402         40          0          0          0       4417   stm32f4xx_flash.o
       268          0          0          0          0       4581   stm32f4xx_gpio.o
        38          0          0          0          0       4193   stm32f4xx_it.o
       360         42          0         16          0       5144   stm32f4xx_rcc.o
       702         42          0          0          0       6599   stm32f4xx_usart.o
       532         54          0         20          0       2441   system_stm32f4xx.o
       572         48          0          0          0       6152   temp.o
         0          0          0          0          0      19437   tx_block_allocate.o
         0          0          0          0          0      14928   tx_block_pool_initialize.o
       112         50          0         52          0       5093   tx_initialize_high_level.o
        80         14          0          0          0        610   tx_initialize_kernel_enter.o
       350         32          0          0          0       2640   tx_thread_create.o
       112         44          0        172        128      20891   tx_thread_initialize.o
       200         18          0          0          0        392   tx_thread_schedule.o
       154         12          0          0          0       1649   tx_thread_shell_entry.o
       182         18          0          0          0       1455   tx_thread_sleep.o
        64          0          0          0          0        340   tx_thread_stack_build.o
        76         18          0          0          0       1314   tx_thread_system_preempt_check.o
       376         34          0          0          0       2143   tx_thread_system_resume.o
       512         38          0          0          0       3024   tx_thread_system_suspend.o
       120         26          0          0          0        892   tx_thread_time_slice.o
        88          4          0          0          0       1157   tx_thread_timeout.o
        40          4          0          0          0        839   tx_time_get.o
        56         10          0          0          0        867   tx_timer_expiration_process.o
       232         92          0         52       1332       2270   tx_timer_initialize.o
       184         46          0          0          0        396   tx_timer_interrupt.o
        96         12          0          0          0       1312   tx_timer_system_activate.o
        46          0          0          0          0       1142   tx_timer_system_deactivate.o
       360         32          0          0          0       2693   tx_timer_thread_entry.o
       406         24          0          0          0       2845   txe_thread_create.o
     12450       3584       3788        144       1136     118385   wifi.o

    ----------------------------------------------------------------------
     28330       5084       5734        476      23796     835492   Object Totals
         0          0         32          0          0          0   (incl. Generated)
        38          0          2          0          0          0   (incl. Padding)

    ----------------------------------------------------------------------

      Code (inc. data)   RO Data    RW Data    ZI Data      Debug   Library Member Name

        60          8          0          0          0         84   __0sscanf.o
        56          6          0          0          0         88   __2snprintf.o
        44          6          0          0          0         84   __2sprintf.o
        90          0          0          0          0          0   __dczerorl2.o
         8          0          0          0          0         68   __main.o
       312          4         17          0          0         92   __printf_flags_wp.o
        14          0          0          0          0         68   __printf_wp.o
         0          0          0          0          0          0   __rtentry.o
        12          0          0          0          0          0   __rtentry2.o
         6          0          0          0          0          0   __rtentry4.o
        52          8          0          0          0          0   __scatter.o
        28          0          0          0          0          0   __scatter_zi.o
        28          0          0          0          0         68   _chval.o
        44          0          0          0          0        108   _printf_char.o
        48          6          0          0          0         96   _printf_char_common.o
         6          0          0          0          0          0   _printf_d.o
       120         16          0          0          0         92   _printf_dec.o
      1054          0          0          0          0        216   _printf_fp_dec.o
       128         16          0          0          0         84   _printf_fp_infnan.o
         6          0          0          0          0          0   _printf_g.o
        88          4         40          0          0         88   _printf_hex_int.o
       178          0          0          0          0         88   _printf_intcommon.o
        78          0          0          0          0        108   _printf_pad.o
         0          0          0          0          0          0   _printf_percent.o
         4          0          0          0          0          0   _printf_percent_end.o
         6          0          0          0          0          0   _printf_s.o
        82          0          0          0          0         80   _printf_str.o
         6          0          0          0          0          0   _printf_u.o
         6          0          0          0          0          0   _printf_x.o
        22          0          0          0          0        100   _rserrno.o
       884          4          0          0          0        100   _scanf.o
        64          0          0          0          0         84   _sgetc.o
        16          0          0          0          0         68   _snputc.o
        10          0          0          0          0         68   _sputc.o
       158          0          0          0          0         92   _strtoul.o
        16          0          0          0          0         68   aeabi_memset.o
        26          0          0          0          0         80   atoi.o
       228          4        148          0          0         96   bigflt0.o
      2152        136          0          0          0        960   btod.o
        10          0          0          0          0         68   defsig_exit.o
        50          0          0          0          0         88   defsig_general.o
        80         58          0          0          0         76   defsig_rtmem_inner.o
        14          0          0          0          0         80   defsig_rtmem_outer.o
        18          0          0          0          0         80   exit.o
        94          0          0          0          0         80   h1_alloc.o
        52          0          0          0          0         68   h1_extend.o
        78          0          0          0          0         80   h1_free.o
        14          0          0          0          0         84   h1_init.o
       184          0          0          0          0         92   h1_realloc.o
         6          0          0          0          0        152   heapauxi.o
         4          0          0          0          0        136   hguard.o
         0          0          0          0          0          0   indicate_semi.o
       138          0          0          0          0        168   init_alloc.o
        18          0          0          0          0         76   isspace.o
        44         10        272          0          0         76   lc_ctype_c.o
        44         10         28          0          0         76   lc_numeric_c.o
         2          0          0          0          0          0   libinit.o
        42          0          0          0          0          0   libinit2.o
         2          0          0          0          0          0   libshutdown.o
         2          0          0          0          0          0   libshutdown2.o
         8          4          0          0         96         68   libspace.o
        38          0          0          0          0         68   llshl.o
       138          0          0          0          0         80   lludiv10.o
         0          0          0          0          0          0   maybetermalloc1.o
        16          4          0          0          0         76   rt_ctype_table.o
         8          4          0          0          0         68   rt_errno_addr_intlibspace.o
         8          4          0          0          0         68   rt_heap_descriptor_intlibspace.o
         8          4          0          0          0         68   rt_locale_intlibspace.o
        68          0          0          0          0         68   rt_memclr.o
        78          0          0          0          0         80   rt_memclr_w.o
       138          0          0          0          0         68   rt_memcpy_v6.o
       100          0          0          0          0         80   rt_memcpy_w.o
       132          0          0          0          0         68   rt_memmove_v6.o
       122          0          0          0          0         80   rt_memmove_w.o
         2          0          0          0          0          0   rtexit.o
        10          0          0          0          0          0   rtexit2.o
        44          8          0          0          0         84   scanf_char.o
      1272         16          0          0          0        168   scanf_fp.o
       800         14          0          0          0        100   scanf_hexfp.o
       308         16          0          0          0        100   scanf_infnan.o
        20          0          0          0          0         68   strchr.o
       128          0          0          0          0         68   strcmpv7m.o
        72          0          0          0          0         80   strcpy.o
        62          0          0          0          0         76   strlen.o
       150          0          0          0          0         80   strncmp.o
        22          0          0          0          0         68   strrchr.o
        36          0          0          0          0         80   strstr.o
       164         14          0          0          0        120   strtod.o
       112          0          0          0          0         88   strtol.o
        12          4          0          0          0         68   sys_exit.o
        74          0          0          0          0         80   sys_stackheap_outer.o
        14          0          0          0          0         76   sys_wrch.o
        26          0          0          0          0         76   tolower.o
         2          0          0          0          0         68   use_no_semi.o
        98          4          0          0          0        140   d2f.o
       804         16          0          0          0        368   daddsub_clz.o
        16          4          0          0          0        116   dcheck1.o
        24          0          0          0          0        116   dcmpi.o
       120          4          0          0          0        140   deqf.o
        94          4          0          0          0        140   dfix.o
        84          0          0          0          0        232   dflt_clz.o
       120          4          0          0          0        140   dleqf.o
       340         12          0          0          0        152   dmul.o
       156          4          0          0          0        140   dnaninf.o
        12          0          0          0          0        116   dretinf.o
       108          0          0          0          0        128   drleqf.o
         0          0         16          0          0          0   fpconst.o
        10          0          0          0          0        116   fpinit.o
        10          0          0          0          0        116   fretinf.o
         6          0          0          0          0        116   istatus.o
         4          0          0          0          0        116   printf1.o
       100          0          0          0          0        116   retnan.o
        92          0          0          0          0        116   scalbn.o
         4          0          0          0          0        116   scanf1.o
         8          0          0          0          0        132   scanf2.o
        48          0          0          0          0        116   trapv.o
         0          0          0          0          0          0   usenofp.o
        64         16          0          0          0        248   dunder.o
        20          0          0          0          0        124   fabs.o
        48          0          0          0          0        124   fpclassify.o
       140         22          0          0          0        132   frexp.o
       228          8          0          0          0        308   ldexp.o
       266         16          0          0          0        308   narrow.o
        40         10          0          0          0        128   strtod.o

    ----------------------------------------------------------------------
     14316        514        524          0         96      11556   Library Totals
        24          2          3          0          0          0   (incl. Padding)

    ----------------------------------------------------------------------

      Code (inc. data)   RO Data    RW Data    ZI Data      Debug   Library Name

     11228        388        505          0         96       7196   c_w.l
      2258         52         16          0          0       2988   fz_wm.l
       806         72          0          0          0       1372   m_wm.l

    ----------------------------------------------------------------------
     14316        514        524          0         96      11556   Library Totals

    ----------------------------------------------------------------------

==============================================================================


      Code (inc. data)   RO Data    RW Data    ZI Data      Debug   

     42646       5598       6258        476      23892     815736   Grand Totals
     42646       5598       6258        208      23892     815736   ELF Image Totals (compressed)
     42646       5598       6258        208          0          0   ROM Totals

==============================================================================

    Total RO  Size (Code + RO Data)                48904 (  47.76kB)
    Total RW  Size (RW Data + ZI Data)             24368 (  23.80kB)
    Total ROM Size (Code + RO Data + RW Data)      49112 (  47.96kB)

==============================================================================

